Archive member included because of file (symbol)

c:/siliconlabs/simplicitystudio/v2/developer/toolchains/gnu_arm/4.7_2013q1/bin/../lib/gcc/arm-none-eabi/4.7.3/../../../../arm-none-eabi/lib/armv7-m\libc_s.a(lib_a-__atexit2.o)
                              c:/siliconlabs/simplicitystudio/v2/developer/toolchains/gnu_arm/4.7_2013q1/bin/../lib/gcc/arm-none-eabi/4.7.3/../../../../arm-none-eabi/lib/armv7-m/crt0.o (__register_exitproc)
c:/siliconlabs/simplicitystudio/v2/developer/toolchains/gnu_arm/4.7_2013q1/bin/../lib/gcc/arm-none-eabi/4.7.3/../../../../arm-none-eabi/lib/armv7-m\libc_s.a(lib_a-exit.o)
                              c:/siliconlabs/simplicitystudio/v2/developer/toolchains/gnu_arm/4.7_2013q1/bin/../lib/gcc/arm-none-eabi/4.7.3/../../../../arm-none-eabi/lib/armv7-m/crt0.o (exit)
c:/siliconlabs/simplicitystudio/v2/developer/toolchains/gnu_arm/4.7_2013q1/bin/../lib/gcc/arm-none-eabi/4.7.3/../../../../arm-none-eabi/lib/armv7-m\libc_s.a(lib_a-fini.o)
                              c:/siliconlabs/simplicitystudio/v2/developer/toolchains/gnu_arm/4.7_2013q1/bin/../lib/gcc/arm-none-eabi/4.7.3/../../../../arm-none-eabi/lib/armv7-m/crt0.o (__libc_fini_array)
c:/siliconlabs/simplicitystudio/v2/developer/toolchains/gnu_arm/4.7_2013q1/bin/../lib/gcc/arm-none-eabi/4.7.3/../../../../arm-none-eabi/lib/armv7-m\libc_s.a(lib_a-impure.o)
                              c:/siliconlabs/simplicitystudio/v2/developer/toolchains/gnu_arm/4.7_2013q1/bin/../lib/gcc/arm-none-eabi/4.7.3/../../../../arm-none-eabi/lib/armv7-m\libc_s.a(lib_a-exit.o) (_global_impure_ptr)
c:/siliconlabs/simplicitystudio/v2/developer/toolchains/gnu_arm/4.7_2013q1/bin/../lib/gcc/arm-none-eabi/4.7.3/../../../../arm-none-eabi/lib/armv7-m\libc_s.a(lib_a-init.o)
                              c:/siliconlabs/simplicitystudio/v2/developer/toolchains/gnu_arm/4.7_2013q1/bin/../lib/gcc/arm-none-eabi/4.7.3/../../../../arm-none-eabi/lib/armv7-m/crt0.o (__libc_init_array)
c:/siliconlabs/simplicitystudio/v2/developer/toolchains/gnu_arm/4.7_2013q1/bin/../lib/gcc/arm-none-eabi/4.7.3/../../../../arm-none-eabi/lib/armv7-m\libc_s.a(lib_a-memset.o)
                              c:/siliconlabs/simplicitystudio/v2/developer/toolchains/gnu_arm/4.7_2013q1/bin/../lib/gcc/arm-none-eabi/4.7.3/../../../../arm-none-eabi/lib/armv7-m/crt0.o (memset)
c:/siliconlabs/simplicitystudio/v2/developer/toolchains/gnu_arm/4.7_2013q1/bin/../lib/gcc/arm-none-eabi/4.7.3/../../../../arm-none-eabi/lib/armv7-m\libnosys.a(_exit.o)
                              c:/siliconlabs/simplicitystudio/v2/developer/toolchains/gnu_arm/4.7_2013q1/bin/../lib/gcc/arm-none-eabi/4.7.3/../../../../arm-none-eabi/lib/armv7-m\libc_s.a(lib_a-exit.o) (_exit)

Allocating common symbols
Common symbol       size              file

SystemCoreClock     0x4               ./CMSIS/efm32tg/system_efm32tg.o
crcTable            0x200             ./src/crc.o

Discarded input sections

 .text          0x00000000        0x0 c:/siliconlabs/simplicitystudio/v2/developer/toolchains/gnu_arm/4.7_2013q1/bin/../lib/gcc/arm-none-eabi/4.7.3/armv7-m/crti.o
 .data          0x00000000        0x0 c:/siliconlabs/simplicitystudio/v2/developer/toolchains/gnu_arm/4.7_2013q1/bin/../lib/gcc/arm-none-eabi/4.7.3/armv7-m/crti.o
 .bss           0x00000000        0x0 c:/siliconlabs/simplicitystudio/v2/developer/toolchains/gnu_arm/4.7_2013q1/bin/../lib/gcc/arm-none-eabi/4.7.3/armv7-m/crti.o
 .data          0x00000000        0x4 c:/siliconlabs/simplicitystudio/v2/developer/toolchains/gnu_arm/4.7_2013q1/bin/../lib/gcc/arm-none-eabi/4.7.3/armv7-m/crtbegin.o
 .data          0x00000000        0x0 c:/siliconlabs/simplicitystudio/v2/developer/toolchains/gnu_arm/4.7_2013q1/bin/../lib/gcc/arm-none-eabi/4.7.3/../../../../arm-none-eabi/lib/armv7-m/crt0.o
 .bss           0x00000000        0x0 c:/siliconlabs/simplicitystudio/v2/developer/toolchains/gnu_arm/4.7_2013q1/bin/../lib/gcc/arm-none-eabi/4.7.3/../../../../arm-none-eabi/lib/armv7-m/crt0.o
 .ARM.extab     0x00000000        0x0 c:/siliconlabs/simplicitystudio/v2/developer/toolchains/gnu_arm/4.7_2013q1/bin/../lib/gcc/arm-none-eabi/4.7.3/../../../../arm-none-eabi/lib/armv7-m/crt0.o
 .text          0x00000000        0x0 ./src/BMX055.o
 .data          0x00000000        0x0 ./src/BMX055.o
 .bss           0x00000000        0x0 ./src/BMX055.o
 .text          0x00000000        0x0 ./src/calc.o
 .data          0x00000000        0x0 ./src/calc.o
 .bss           0x00000000        0x0 ./src/calc.o
 .text          0x00000000        0x0 ./src/crc.o
 .data          0x00000000        0x0 ./src/crc.o
 .bss           0x00000000        0x0 ./src/crc.o
 .text          0x00000000        0x0 ./src/debug.o
 .data          0x00000000        0x0 ./src/debug.o
 .bss           0x00000000        0x0 ./src/debug.o
 .text.advanced_selftest_mag
                0x00000000       0xfc ./src/debug.o
 .text.print_data
                0x00000000      0x150 ./src/debug.o
 .text          0x00000000        0x0 ./src/delay.o
 .data          0x00000000        0x0 ./src/delay.o
 .bss           0x00000000        0x0 ./src/delay.o
 .text          0x00000000        0x0 ./src/emu.o
 .data          0x00000000        0x0 ./src/emu.o
 .bss           0x00000000        0x0 ./src/emu.o
 .text          0x00000000        0x0 ./src/inits.o
 .data          0x00000000        0x0 ./src/inits.o
 .bss           0x00000000        0x0 ./src/inits.o
 .text          0x00000000        0x0 ./src/irq.o
 .data          0x00000000        0x0 ./src/irq.o
 .bss           0x00000000        0x0 ./src/irq.o
 .text          0x00000000        0x0 ./src/msc.o
 .data          0x00000000        0x0 ./src/msc.o
 .bss           0x00000000        0x0 ./src/msc.o
 .text          0x00000000        0x0 ./src/sirka.o
 .data          0x00000000        0x0 ./src/sirka.o
 .bss           0x00000000        0x0 ./src/sirka.o
 .data.boot_flag
                0x00000000        0x4 ./src/sirka.o
 .text          0x00000000        0x0 ./src/spi.o
 .data          0x00000000        0x0 ./src/spi.o
 .bss           0x00000000        0x0 ./src/spi.o
 .text          0x00000000        0x0 ./src/timer.o
 .data          0x00000000        0x0 ./src/timer.o
 .bss           0x00000000        0x0 ./src/timer.o
 .text          0x00000000        0x0 ./src/usart.o
 .data          0x00000000        0x0 ./src/usart.o
 .bss           0x00000000        0x0 ./src/usart.o
 .text          0x00000000        0x0 ./src/watchdog.o
 .data          0x00000000        0x0 ./src/watchdog.o
 .bss           0x00000000        0x0 ./src/watchdog.o
 .text.WDOG_Feed
                0x00000000       0x20 ./src/watchdog.o
 .text          0x00000000        0x0 ./emlib/em_gpio.o
 .data          0x00000000        0x0 ./emlib/em_gpio.o
 .bss           0x00000000        0x0 ./emlib/em_gpio.o
 .text.GPIO_DbgLocationSet
                0x00000000       0x18 ./emlib/em_gpio.o
 .text.GPIO_DriveModeSet
                0x00000000       0x18 ./emlib/em_gpio.o
 .text.GPIO_IntConfig
                0x00000000       0x80 ./emlib/em_gpio.o
 .text.GPIO_PinModeSet
                0x00000000       0x94 ./emlib/em_gpio.o
 .debug_info    0x00000000      0x580 ./emlib/em_gpio.o
 .debug_abbrev  0x00000000      0x1c5 ./emlib/em_gpio.o
 .debug_loc     0x00000000      0x3f8 ./emlib/em_gpio.o
 .debug_aranges
                0x00000000       0x38 ./emlib/em_gpio.o
 .debug_ranges  0x00000000       0x88 ./emlib/em_gpio.o
 .debug_line    0x00000000      0x2c6 ./emlib/em_gpio.o
 .debug_str     0x00000000      0x4bf ./emlib/em_gpio.o
 .comment       0x00000000       0x71 ./emlib/em_gpio.o
 .ARM.attributes
                0x00000000       0x33 ./emlib/em_gpio.o
 .debug_frame   0x00000000       0x70 ./emlib/em_gpio.o
 .text          0x00000000        0x0 ./emlib/em_system.o
 .data          0x00000000        0x0 ./emlib/em_system.o
 .bss           0x00000000        0x0 ./emlib/em_system.o
 .text.SYSTEM_ChipRevisionGet
                0x00000000       0x20 ./emlib/em_system.o
 .text.SYSTEM_GetCalibrationValue
                0x00000000       0x28 ./emlib/em_system.o
 .debug_info    0x00000000      0x246 ./emlib/em_system.o
 .debug_abbrev  0x00000000       0xef ./emlib/em_system.o
 .debug_loc     0x00000000       0x8e ./emlib/em_system.o
 .debug_aranges
                0x00000000       0x28 ./emlib/em_system.o
 .debug_ranges  0x00000000       0x18 ./emlib/em_system.o
 .debug_line    0x00000000      0x26b ./emlib/em_system.o
 .debug_str     0x00000000      0x22e ./emlib/em_system.o
 .comment       0x00000000       0x71 ./emlib/em_system.o
 .ARM.attributes
                0x00000000       0x33 ./emlib/em_system.o
 .debug_frame   0x00000000       0x30 ./emlib/em_system.o
 .data          0x00000000        0x0 ./CMSIS/efm32tg/startup_gcc_efm32tg.o
 .bss           0x00000000        0x0 ./CMSIS/efm32tg/startup_gcc_efm32tg.o
 .text          0x00000000        0x0 ./CMSIS/efm32tg/system_efm32tg.o
 .data          0x00000000        0x0 ./CMSIS/efm32tg/system_efm32tg.o
 .bss           0x00000000        0x0 ./CMSIS/efm32tg/system_efm32tg.o
 .text.SystemHFClockGet
                0x00000000       0xb4 ./CMSIS/efm32tg/system_efm32tg.o
 .text.SystemCoreClockGet
                0x00000000       0x20 ./CMSIS/efm32tg/system_efm32tg.o
 .text.SystemHFXOClockGet
                0x00000000        0xc ./CMSIS/efm32tg/system_efm32tg.o
 .text.SystemHFXOClockSet
                0x00000000       0x1c ./CMSIS/efm32tg/system_efm32tg.o
 .text.SystemLFRCOClockGet
                0x00000000        0x6 ./CMSIS/efm32tg/system_efm32tg.o
 .text.SystemULFRCOClockGet
                0x00000000        0x6 ./CMSIS/efm32tg/system_efm32tg.o
 .text.SystemLFXOClockGet
                0x00000000        0xc ./CMSIS/efm32tg/system_efm32tg.o
 .text.SystemLFXOClockSet
                0x00000000       0x1c ./CMSIS/efm32tg/system_efm32tg.o
 .data.SystemLFXOClock
                0x00000000        0x4 ./CMSIS/efm32tg/system_efm32tg.o
 .data.SystemHFXOClock
                0x00000000        0x4 ./CMSIS/efm32tg/system_efm32tg.o
 COMMON         0x00000000        0x4 ./CMSIS/efm32tg/system_efm32tg.o
 .text          0x00000000        0x0 c:/siliconlabs/simplicitystudio/v2/developer/toolchains/gnu_arm/4.7_2013q1/bin/../lib/gcc/arm-none-eabi/4.7.3/../../../../arm-none-eabi/lib/armv7-m\libc_s.a(lib_a-__atexit2.o)
 .data          0x00000000        0x0 c:/siliconlabs/simplicitystudio/v2/developer/toolchains/gnu_arm/4.7_2013q1/bin/../lib/gcc/arm-none-eabi/4.7.3/../../../../arm-none-eabi/lib/armv7-m\libc_s.a(lib_a-__atexit2.o)
 .bss           0x00000000        0x0 c:/siliconlabs/simplicitystudio/v2/developer/toolchains/gnu_arm/4.7_2013q1/bin/../lib/gcc/arm-none-eabi/4.7.3/../../../../arm-none-eabi/lib/armv7-m\libc_s.a(lib_a-__atexit2.o)
 .text          0x00000000        0x0 c:/siliconlabs/simplicitystudio/v2/developer/toolchains/gnu_arm/4.7_2013q1/bin/../lib/gcc/arm-none-eabi/4.7.3/../../../../arm-none-eabi/lib/armv7-m\libc_s.a(lib_a-exit.o)
 .data          0x00000000        0x0 c:/siliconlabs/simplicitystudio/v2/developer/toolchains/gnu_arm/4.7_2013q1/bin/../lib/gcc/arm-none-eabi/4.7.3/../../../../arm-none-eabi/lib/armv7-m\libc_s.a(lib_a-exit.o)
 .bss           0x00000000        0x0 c:/siliconlabs/simplicitystudio/v2/developer/toolchains/gnu_arm/4.7_2013q1/bin/../lib/gcc/arm-none-eabi/4.7.3/../../../../arm-none-eabi/lib/armv7-m\libc_s.a(lib_a-exit.o)
 .text          0x00000000        0x0 c:/siliconlabs/simplicitystudio/v2/developer/toolchains/gnu_arm/4.7_2013q1/bin/../lib/gcc/arm-none-eabi/4.7.3/../../../../arm-none-eabi/lib/armv7-m\libc_s.a(lib_a-fini.o)
 .data          0x00000000        0x0 c:/siliconlabs/simplicitystudio/v2/developer/toolchains/gnu_arm/4.7_2013q1/bin/../lib/gcc/arm-none-eabi/4.7.3/../../../../arm-none-eabi/lib/armv7-m\libc_s.a(lib_a-fini.o)
 .bss           0x00000000        0x0 c:/siliconlabs/simplicitystudio/v2/developer/toolchains/gnu_arm/4.7_2013q1/bin/../lib/gcc/arm-none-eabi/4.7.3/../../../../arm-none-eabi/lib/armv7-m\libc_s.a(lib_a-fini.o)
 .text          0x00000000        0x0 c:/siliconlabs/simplicitystudio/v2/developer/toolchains/gnu_arm/4.7_2013q1/bin/../lib/gcc/arm-none-eabi/4.7.3/../../../../arm-none-eabi/lib/armv7-m\libc_s.a(lib_a-impure.o)
 .data          0x00000000        0x0 c:/siliconlabs/simplicitystudio/v2/developer/toolchains/gnu_arm/4.7_2013q1/bin/../lib/gcc/arm-none-eabi/4.7.3/../../../../arm-none-eabi/lib/armv7-m\libc_s.a(lib_a-impure.o)
 .bss           0x00000000        0x0 c:/siliconlabs/simplicitystudio/v2/developer/toolchains/gnu_arm/4.7_2013q1/bin/../lib/gcc/arm-none-eabi/4.7.3/../../../../arm-none-eabi/lib/armv7-m\libc_s.a(lib_a-impure.o)
 .data._impure_ptr
                0x00000000        0x4 c:/siliconlabs/simplicitystudio/v2/developer/toolchains/gnu_arm/4.7_2013q1/bin/../lib/gcc/arm-none-eabi/4.7.3/../../../../arm-none-eabi/lib/armv7-m\libc_s.a(lib_a-impure.o)
 .text          0x00000000        0x0 c:/siliconlabs/simplicitystudio/v2/developer/toolchains/gnu_arm/4.7_2013q1/bin/../lib/gcc/arm-none-eabi/4.7.3/../../../../arm-none-eabi/lib/armv7-m\libc_s.a(lib_a-init.o)
 .data          0x00000000        0x0 c:/siliconlabs/simplicitystudio/v2/developer/toolchains/gnu_arm/4.7_2013q1/bin/../lib/gcc/arm-none-eabi/4.7.3/../../../../arm-none-eabi/lib/armv7-m\libc_s.a(lib_a-init.o)
 .bss           0x00000000        0x0 c:/siliconlabs/simplicitystudio/v2/developer/toolchains/gnu_arm/4.7_2013q1/bin/../lib/gcc/arm-none-eabi/4.7.3/../../../../arm-none-eabi/lib/armv7-m\libc_s.a(lib_a-init.o)
 .text          0x00000000        0x0 c:/siliconlabs/simplicitystudio/v2/developer/toolchains/gnu_arm/4.7_2013q1/bin/../lib/gcc/arm-none-eabi/4.7.3/../../../../arm-none-eabi/lib/armv7-m\libc_s.a(lib_a-memset.o)
 .data          0x00000000        0x0 c:/siliconlabs/simplicitystudio/v2/developer/toolchains/gnu_arm/4.7_2013q1/bin/../lib/gcc/arm-none-eabi/4.7.3/../../../../arm-none-eabi/lib/armv7-m\libc_s.a(lib_a-memset.o)
 .bss           0x00000000        0x0 c:/siliconlabs/simplicitystudio/v2/developer/toolchains/gnu_arm/4.7_2013q1/bin/../lib/gcc/arm-none-eabi/4.7.3/../../../../arm-none-eabi/lib/armv7-m\libc_s.a(lib_a-memset.o)
 .text          0x00000000        0x0 c:/siliconlabs/simplicitystudio/v2/developer/toolchains/gnu_arm/4.7_2013q1/bin/../lib/gcc/arm-none-eabi/4.7.3/../../../../arm-none-eabi/lib/armv7-m\libnosys.a(_exit.o)
 .data          0x00000000        0x0 c:/siliconlabs/simplicitystudio/v2/developer/toolchains/gnu_arm/4.7_2013q1/bin/../lib/gcc/arm-none-eabi/4.7.3/../../../../arm-none-eabi/lib/armv7-m\libnosys.a(_exit.o)
 .bss           0x00000000        0x0 c:/siliconlabs/simplicitystudio/v2/developer/toolchains/gnu_arm/4.7_2013q1/bin/../lib/gcc/arm-none-eabi/4.7.3/../../../../arm-none-eabi/lib/armv7-m\libnosys.a(_exit.o)
 .text          0x00000000        0x0 c:/siliconlabs/simplicitystudio/v2/developer/toolchains/gnu_arm/4.7_2013q1/bin/../lib/gcc/arm-none-eabi/4.7.3/armv7-m/crtend.o
 .data          0x00000000        0x0 c:/siliconlabs/simplicitystudio/v2/developer/toolchains/gnu_arm/4.7_2013q1/bin/../lib/gcc/arm-none-eabi/4.7.3/armv7-m/crtend.o
 .bss           0x00000000        0x0 c:/siliconlabs/simplicitystudio/v2/developer/toolchains/gnu_arm/4.7_2013q1/bin/../lib/gcc/arm-none-eabi/4.7.3/armv7-m/crtend.o
 .jcr           0x00000000        0x4 c:/siliconlabs/simplicitystudio/v2/developer/toolchains/gnu_arm/4.7_2013q1/bin/../lib/gcc/arm-none-eabi/4.7.3/armv7-m/crtend.o
 .text          0x00000000        0x0 c:/siliconlabs/simplicitystudio/v2/developer/toolchains/gnu_arm/4.7_2013q1/bin/../lib/gcc/arm-none-eabi/4.7.3/armv7-m/crtn.o
 .data          0x00000000        0x0 c:/siliconlabs/simplicitystudio/v2/developer/toolchains/gnu_arm/4.7_2013q1/bin/../lib/gcc/arm-none-eabi/4.7.3/armv7-m/crtn.o
 .bss           0x00000000        0x0 c:/siliconlabs/simplicitystudio/v2/developer/toolchains/gnu_arm/4.7_2013q1/bin/../lib/gcc/arm-none-eabi/4.7.3/armv7-m/crtn.o

Memory Configuration

Name             Origin             Length             Attributes
FLASH            0x00004000         0x00004000         xr
RAM              0x20000000         0x00001000         xrw
*default*        0x00000000         0xffffffff

Linker script and memory map

LOAD c:/siliconlabs/simplicitystudio/v2/developer/toolchains/gnu_arm/4.7_2013q1/bin/../lib/gcc/arm-none-eabi/4.7.3/armv7-m/crti.o
LOAD c:/siliconlabs/simplicitystudio/v2/developer/toolchains/gnu_arm/4.7_2013q1/bin/../lib/gcc/arm-none-eabi/4.7.3/armv7-m/crtbegin.o
LOAD c:/siliconlabs/simplicitystudio/v2/developer/toolchains/gnu_arm/4.7_2013q1/bin/../lib/gcc/arm-none-eabi/4.7.3/../../../../arm-none-eabi/lib/armv7-m/crt0.o
LOAD ./src/BMX055.o
LOAD ./src/calc.o
LOAD ./src/crc.o
LOAD ./src/debug.o
LOAD ./src/delay.o
LOAD ./src/emu.o
LOAD ./src/inits.o
LOAD ./src/irq.o
LOAD ./src/msc.o
LOAD ./src/sirka.o
LOAD ./src/spi.o
LOAD ./src/timer.o
LOAD ./src/usart.o
LOAD ./src/watchdog.o
LOAD ./emlib/em_gpio.o
LOAD ./emlib/em_system.o
LOAD ./CMSIS/efm32tg/startup_gcc_efm32tg.o
LOAD ./CMSIS/efm32tg/system_efm32tg.o
START GROUP
LOAD c:/siliconlabs/simplicitystudio/v2/developer/toolchains/gnu_arm/4.7_2013q1/bin/../lib/gcc/arm-none-eabi/4.7.3/armv7-m\libgcc.a
LOAD c:/siliconlabs/simplicitystudio/v2/developer/toolchains/gnu_arm/4.7_2013q1/bin/../lib/gcc/arm-none-eabi/4.7.3/../../../../arm-none-eabi/lib/armv7-m\libc_s.a
LOAD c:/siliconlabs/simplicitystudio/v2/developer/toolchains/gnu_arm/4.7_2013q1/bin/../lib/gcc/arm-none-eabi/4.7.3/../../../../arm-none-eabi/lib/armv7-m\libnosys.a
END GROUP
START GROUP
LOAD c:/siliconlabs/simplicitystudio/v2/developer/toolchains/gnu_arm/4.7_2013q1/bin/../lib/gcc/arm-none-eabi/4.7.3/armv7-m\libgcc.a
LOAD c:/siliconlabs/simplicitystudio/v2/developer/toolchains/gnu_arm/4.7_2013q1/bin/../lib/gcc/arm-none-eabi/4.7.3/../../../../arm-none-eabi/lib/armv7-m\libc_s.a
END GROUP
LOAD c:/siliconlabs/simplicitystudio/v2/developer/toolchains/gnu_arm/4.7_2013q1/bin/../lib/gcc/arm-none-eabi/4.7.3/armv7-m/crtend.o
LOAD c:/siliconlabs/simplicitystudio/v2/developer/toolchains/gnu_arm/4.7_2013q1/bin/../lib/gcc/arm-none-eabi/4.7.3/armv7-m/crtn.o

.text           0x00004000     0x1adc
 *(.isr_vector)
 .isr_vector    0x00004000      0x100 ./CMSIS/efm32tg/startup_gcc_efm32tg.o
                0x00004000                __isr_vector
 *(.text*)
 .text          0x00004100       0x54 c:/siliconlabs/simplicitystudio/v2/developer/toolchains/gnu_arm/4.7_2013q1/bin/../lib/gcc/arm-none-eabi/4.7.3/armv7-m/crtbegin.o
 .text          0x00004154       0x70 c:/siliconlabs/simplicitystudio/v2/developer/toolchains/gnu_arm/4.7_2013q1/bin/../lib/gcc/arm-none-eabi/4.7.3/../../../../arm-none-eabi/lib/armv7-m/crt0.o
                0x00004154                _start
                0x00004154                start
                0x00004154                _mainCRTStartup
 .text.interface_init
                0x000041c4       0x22 ./src/BMX055.o
                0x000041c4                interface_init
 .text.getGyrData
                0x000041e6       0x66 ./src/BMX055.o
                0x000041e6                getGyrData
 .text.getAccData
                0x0000424c       0x66 ./src/BMX055.o
                0x0000424c                getAccData
 *fill*         0x000042b2        0x2 00
 .text.getMagData_forced
                0x000042b4       0xf8 ./src/BMX055.o
                0x000042b4                getMagData_forced
 .text.setup_Mag
                0x000043ac       0xc0 ./src/BMX055.o
                0x000043ac                setup_Mag
 .text.setup_Acc
                0x0000446c       0x9e ./src/BMX055.o
                0x0000446c                setup_Acc
 .text.setup_Gyro
                0x0000450a       0x88 ./src/BMX055.o
                0x0000450a                setup_Gyro
 .text.setup_Gyro_Range
                0x00004592       0x26 ./src/BMX055.o
                0x00004592                setup_Gyro_Range
 .text.setup_Address
                0x000045b8       0x24 ./src/BMX055.o
                0x000045b8                setup_Address
 .text.get_resolution
                0x000045dc       0x4a ./src/BMX055.o
                0x000045dc                get_resolution
 .text.ItoA     0x00004626       0x46 ./src/calc.o
                0x00004626                ItoA
 .text.arithmetic_average
                0x0000466c       0xc2 ./src/calc.o
                0x0000466c                arithmetic_average
 *fill*         0x0000472e        0x2 00
 .text.crcInit  0x00004730       0x3c ./src/crc.o
                0x00004730                crcInit
 .text.CRC16    0x0000476c       0x18 ./src/crc.o
                0x0000476c                CRC16
 .text.selftest_Acc
                0x00004784      0x264 ./src/debug.o
                0x00004784                selftest_Acc
 .text.selftest_Gyro
                0x000049e8       0x7a ./src/debug.o
                0x000049e8                selftest_Gyro
 *fill*         0x00004a62        0x2 00
 .text.selftest_Mag
                0x00004a64       0xe0 ./src/debug.o
                0x00004a64                selftest_Mag
 .text.send_hello
                0x00004b44       0x78 ./src/debug.o
                0x00004b44                send_hello
 .text.print_byte_setup
                0x00004bbc       0x40 ./src/debug.o
                0x00004bbc                print_byte_setup
 .text.showDeviceID
                0x00004bfc      0x124 ./src/debug.o
                0x00004bfc                showDeviceID
 .text.print_data_dec
                0x00004d20      0x170 ./src/debug.o
                0x00004d20                print_data_dec
 .text.delayfunc
                0x00004e90       0x14 ./src/delay.o
                0x00004e90                delayfunc
 .text.EMU_EnterEM1
                0x00004ea4       0x14 ./src/emu.o
                0x00004ea4                EMU_EnterEM1
 .text.SPI_Init
                0x00004eb8       0x34 ./src/inits.o
                0x00004eb8                SPI_Init
 .text.USART_Init
                0x00004eec       0x28 ./src/inits.o
                0x00004eec                USART_Init
 .text.GPIO_Init
                0x00004f14       0x4c ./src/inits.o
                0x00004f14                GPIO_Init
 .text.Timer_Init
                0x00004f60       0x24 ./src/inits.o
                0x00004f60                Timer_Init
 .text.WD_Init  0x00004f84       0x14 ./src/inits.o
                0x00004f84                WD_Init
 .text.Clocks_Init
                0x00004f98       0x70 ./src/inits.o
                0x00004f98                Clocks_Init
 .text.enable_interrupts
                0x00005008       0x3c ./src/irq.o
                0x00005008                enable_interrupts
 .text.USART0_RX_IRQHandler
                0x00005044       0x3c ./src/irq.o
                0x00005044                USART0_RX_IRQHandler
 .text.TIMER0_IRQHandler
                0x00005080       0x20 ./src/irq.o
                0x00005080                TIMER0_IRQHandler
 .text.TIMER1_IRQHandler
                0x000050a0       0x30 ./src/irq.o
                0x000050a0                TIMER1_IRQHandler
 .text.LoadData
                0x000050d0       0x54 ./src/msc.o
                0x000050d0                LoadData
 .text.LoadAddress
                0x00005124       0x2c ./src/msc.o
                0x00005124                LoadAddress
 .text.startup.main
                0x00005150      0x424 ./src/sirka.o
                0x00005150                main
 .text.CS_Pin_clr
                0x00005574       0x28 ./src/spi.o
                0x00005574                CS_Pin_clr
 .text.CS_Pin_set
                0x0000559c       0x28 ./src/spi.o
                0x0000559c                CS_Pin_set
 .text.SPI_WriteByte
                0x000055c4       0x18 ./src/spi.o
                0x000055c4                SPI_WriteByte
 .text.TIMER0_start
                0x000055dc        0xc ./src/timer.o
                0x000055dc                TIMER0_start
 .text.TIMER0_stop
                0x000055e8       0x10 ./src/timer.o
                0x000055e8                TIMER0_stop
 .text.TIMER0_intclear
                0x000055f8        0xc ./src/timer.o
                0x000055f8                TIMER0_intclear
 .text.TIMER1_start
                0x00005604        0xc ./src/timer.o
                0x00005604                TIMER1_start
 .text.TIMER1_stop
                0x00005610       0x14 ./src/timer.o
                0x00005610                TIMER1_stop
 .text.TIMER1_intclear
                0x00005624        0xc ./src/timer.o
                0x00005624                TIMER1_intclear
 .text.print_byte
                0x00005630       0x18 ./src/usart.o
                0x00005630                print_byte
 .text.send_data
                0x00005648       0xd8 ./src/usart.o
                0x00005648                send_data
 .text.send_data_all
                0x00005720      0x134 ./src/usart.o
                0x00005720                send_data_all
 .text.send_resolution
                0x00005854       0x78 ./src/usart.o
                0x00005854                send_resolution
 .text.WDOG_Enable
                0x000058cc       0x18 ./src/watchdog.o
                0x000058cc                WDOG_Enable
 .text          0x000058e4       0x78 ./CMSIS/efm32tg/startup_gcc_efm32tg.o
                0x000058e4                Reset_Handler
                0x00005918                Default_Handler
                0x0000591a                NMI_Handler
                0x0000591c                HardFault_Handler
                0x0000591e                MemManage_Handler
                0x00005920                BusFault_Handler
                0x00005922                UsageFault_Handler
                0x00005924                SVC_Handler
                0x00005926                DebugMon_Handler
                0x00005928                PendSV_Handler
                0x0000592a                SysTick_Handler
                0x0000592c                DMA_IRQHandler
                0x0000592e                GPIO_EVEN_IRQHandler
                0x00005934                USART0_TX_IRQHandler
                0x00005936                ACMP0_IRQHandler
                0x00005938                ADC0_IRQHandler
                0x0000593a                DAC0_IRQHandler
                0x0000593c                I2C0_IRQHandler
                0x0000593e                GPIO_ODD_IRQHandler
                0x00005942                USART1_RX_IRQHandler
                0x00005944                USART1_TX_IRQHandler
                0x00005946                LESENSE_IRQHandler
                0x00005948                LEUART0_IRQHandler
                0x0000594a                LETIMER0_IRQHandler
                0x0000594c                PCNT0_IRQHandler
                0x0000594e                RTC_IRQHandler
                0x00005950                CMU_IRQHandler
                0x00005952                VCMP_IRQHandler
                0x00005954                LCD_IRQHandler
                0x00005956                MSC_IRQHandler
                0x00005958                AES_IRQHandler
 .text.SystemInit
                0x0000595c        0x2 ./CMSIS/efm32tg/system_efm32tg.o
                0x0000595c                SystemInit
 *fill*         0x0000595e        0x2 00
 .text.__register_exitproc
                0x00005960       0x14 c:/siliconlabs/simplicitystudio/v2/developer/toolchains/gnu_arm/4.7_2013q1/bin/../lib/gcc/arm-none-eabi/4.7.3/../../../../arm-none-eabi/lib/armv7-m\libc_s.a(lib_a-__atexit2.o)
                0x00005960                __register_exitproc
 .text.exit     0x00005974       0x2c c:/siliconlabs/simplicitystudio/v2/developer/toolchains/gnu_arm/4.7_2013q1/bin/../lib/gcc/arm-none-eabi/4.7.3/../../../../arm-none-eabi/lib/armv7-m\libc_s.a(lib_a-exit.o)
                0x00005974                exit
 .text.__libc_fini_array
                0x000059a0       0x2c c:/siliconlabs/simplicitystudio/v2/developer/toolchains/gnu_arm/4.7_2013q1/bin/../lib/gcc/arm-none-eabi/4.7.3/../../../../arm-none-eabi/lib/armv7-m\libc_s.a(lib_a-fini.o)
                0x000059a0                __libc_fini_array
 .text.__libc_init_array
                0x000059cc       0x4c c:/siliconlabs/simplicitystudio/v2/developer/toolchains/gnu_arm/4.7_2013q1/bin/../lib/gcc/arm-none-eabi/4.7.3/../../../../arm-none-eabi/lib/armv7-m\libc_s.a(lib_a-init.o)
                0x000059cc                __libc_init_array
 .text.memset   0x00005a18       0x10 c:/siliconlabs/simplicitystudio/v2/developer/toolchains/gnu_arm/4.7_2013q1/bin/../lib/gcc/arm-none-eabi/4.7.3/../../../../arm-none-eabi/lib/armv7-m\libc_s.a(lib_a-memset.o)
                0x00005a18                memset
 .text._exit    0x00005a28        0x4 c:/siliconlabs/simplicitystudio/v2/developer/toolchains/gnu_arm/4.7_2013q1/bin/../lib/gcc/arm-none-eabi/4.7.3/../../../../arm-none-eabi/lib/armv7-m\libnosys.a(_exit.o)
                0x00005a28                _exit
 *(.init)
 .init          0x00005a2c        0x4 c:/siliconlabs/simplicitystudio/v2/developer/toolchains/gnu_arm/4.7_2013q1/bin/../lib/gcc/arm-none-eabi/4.7.3/armv7-m/crti.o
                0x00005a2c                _init
 .init          0x00005a30        0x8 c:/siliconlabs/simplicitystudio/v2/developer/toolchains/gnu_arm/4.7_2013q1/bin/../lib/gcc/arm-none-eabi/4.7.3/armv7-m/crtn.o
 *(.fini)
 .fini          0x00005a38        0x4 c:/siliconlabs/simplicitystudio/v2/developer/toolchains/gnu_arm/4.7_2013q1/bin/../lib/gcc/arm-none-eabi/4.7.3/armv7-m/crti.o
                0x00005a38                _fini
 .fini          0x00005a3c        0x8 c:/siliconlabs/simplicitystudio/v2/developer/toolchains/gnu_arm/4.7_2013q1/bin/../lib/gcc/arm-none-eabi/4.7.3/armv7-m/crtn.o
 *fill*         0x00005a44        0x4 00
 .fini.stub     0x00005a48       0x20 linker stubs
 *crtbegin.o(.ctors)
 *crtbegin?.o(.ctors)
 *(EXCLUDE_FILE(*crtend.o *crtend?.o) .ctors)
 *(SORT(.ctors.*))
 *(.ctors)
 *crtbegin.o(.dtors)
 *crtbegin?.o(.dtors)
 *(EXCLUDE_FILE(*crtend.o *crtend?.o) .dtors)
 *(SORT(.dtors.*))
 *(.dtors)
 *(.rodata*)
 .rodata.str1.1
                0x00005a68       0x67 ./src/debug.o
 .rodata.str1.1
                0x00005acf        0x2 c:/siliconlabs/simplicitystudio/v2/developer/toolchains/gnu_arm/4.7_2013q1/bin/../lib/gcc/arm-none-eabi/4.7.3/../../../../arm-none-eabi/lib/armv7-m\libc_s.a(lib_a-impure.o)
 *fill*         0x00005ad1        0x3 00
 .rodata._global_impure_ptr
                0x00005ad4        0x4 c:/siliconlabs/simplicitystudio/v2/developer/toolchains/gnu_arm/4.7_2013q1/bin/../lib/gcc/arm-none-eabi/4.7.3/../../../../arm-none-eabi/lib/armv7-m\libc_s.a(lib_a-impure.o)
                0x00005ad4                _global_impure_ptr
 *(.eh_frame*)
 .eh_frame      0x00005ad8        0x0 c:/siliconlabs/simplicitystudio/v2/developer/toolchains/gnu_arm/4.7_2013q1/bin/../lib/gcc/arm-none-eabi/4.7.3/armv7-m/crtbegin.o
 .eh_frame      0x00005ad8        0x4 c:/siliconlabs/simplicitystudio/v2/developer/toolchains/gnu_arm/4.7_2013q1/bin/../lib/gcc/arm-none-eabi/4.7.3/armv7-m/crtend.o

.glue_7         0x00005adc        0x0
 .glue_7        0x00000000        0x0 linker stubs

.glue_7t        0x00005adc        0x0
 .glue_7t       0x00000000        0x0 linker stubs

.vfp11_veneer   0x00005adc        0x0
 .vfp11_veneer  0x00000000        0x0 linker stubs

.v4_bx          0x00005adc        0x0
 .v4_bx         0x00000000        0x0 linker stubs

.iplt           0x00005adc        0x0
 .iplt          0x00000000        0x0 c:/siliconlabs/simplicitystudio/v2/developer/toolchains/gnu_arm/4.7_2013q1/bin/../lib/gcc/arm-none-eabi/4.7.3/armv7-m/crtbegin.o

.ARM.extab
 *(.ARM.extab* .gnu.linkonce.armextab.*)
                0x00005adc                __exidx_start = .

.ARM.exidx      0x00005adc        0x8
 *(.ARM.exidx* .gnu.linkonce.armexidx.*)
 .ARM.exidx     0x00005adc        0x8 c:/siliconlabs/simplicitystudio/v2/developer/toolchains/gnu_arm/4.7_2013q1/bin/../lib/gcc/arm-none-eabi/4.7.3/../../../../arm-none-eabi/lib/armv7-m/crt0.o
                0x00005ae4                __exidx_end = .
                0x00005ae4                __etext = .

.rel.dyn        0x00005ae4        0x0
 .rel.iplt      0x00000000        0x0 c:/siliconlabs/simplicitystudio/v2/developer/toolchains/gnu_arm/4.7_2013q1/bin/../lib/gcc/arm-none-eabi/4.7.3/armv7-m/crtbegin.o

.data           0x20000000      0x3b0 load address 0x00005ae4
                0x20000000                __data_start__ = .
 *(vtable)
 *(.data*)
 .data.Z        0x20000000        0x1 ./src/BMX055.o
                0x20000000                Z
 .data.XY       0x20000001        0x1 ./src/BMX055.o
                0x20000001                XY
 .data.CRC16_Table
                0x20000002      0x200 ./src/crc.o
                0x20000002                CRC16_Table
 .data.print_byte_array
                0x20000202        0x4 ./src/debug.o
                0x20000202                print_byte_array
 *fill*         0x20000206        0x2 00
 .data.gyro_res
                0x20000208        0x4 ./src/sirka.o
                0x20000208                gyro_res
 .data.boot_save
                0x2000020c        0x2 ./src/sirka.o
                0x2000020c                boot_save
 *fill*         0x2000020e        0x2 00
 .data.fw_check
                0x20000210        0x4 ./src/sirka.o
                0x20000210                fw_check
 .data.received_frame
                0x20000214       0x1e ./src/sirka.o
                0x20000214                received_frame
 *fill*         0x20000232        0x2 00
 .data.file_size
                0x20000234        0x4 ./src/sirka.o
                0x20000234                file_size
 .data.mag_res  0x20000238        0x4 ./src/sirka.o
                0x20000238                mag_res
 .data.acc_res  0x2000023c        0x4 ./src/sirka.o
                0x2000023c                acc_res
 .data.crc_pack
                0x20000240        0x4 ./src/sirka.o
                0x20000240                crc_pack
 .data.sirka_save
                0x20000244        0x2 ./src/sirka.o
                0x20000244                sirka_save
 *fill*         0x20000246        0x2 00
 .data.address  0x20000248        0x4 ./src/sirka.o
                0x20000248                address
 .data.impure_data
                0x2000024c       0x64 c:/siliconlabs/simplicitystudio/v2/developer/toolchains/gnu_arm/4.7_2013q1/bin/../lib/gcc/arm-none-eabi/4.7.3/../../../../arm-none-eabi/lib/armv7-m\libc_s.a(lib_a-impure.o)
                0x200002b0                . = ALIGN (0x4)
 *(.ram)
 .ram           0x200002b0       0xd4 ./src/msc.o
                0x200002b0                ErasePage
                0x20000320                WriteWord
 *fill*         0x20000384        0x4 00
 .ram.stub      0x20000388       0x20 linker stubs
                0x200003a8                . = ALIGN (0x4)
                0x200003a8                PROVIDE (__preinit_array_start, .)
 *(.preinit_array)
                0x200003a8                PROVIDE (__preinit_array_end, .)
                0x200003a8                . = ALIGN (0x4)
                0x200003a8                PROVIDE (__init_array_start, .)
 *(SORT(.init_array.*))
 *(.init_array)
 .init_array    0x200003a8        0x4 c:/siliconlabs/simplicitystudio/v2/developer/toolchains/gnu_arm/4.7_2013q1/bin/../lib/gcc/arm-none-eabi/4.7.3/armv7-m/crtbegin.o
                0x200003ac                PROVIDE (__init_array_end, .)
                0x200003ac                . = ALIGN (0x4)
                0x200003ac                PROVIDE (__fini_array_start, .)
 *(SORT(.fini_array.*))
 *(.fini_array)
 .fini_array    0x200003ac        0x4 c:/siliconlabs/simplicitystudio/v2/developer/toolchains/gnu_arm/4.7_2013q1/bin/../lib/gcc/arm-none-eabi/4.7.3/armv7-m/crtbegin.o
                0x200003b0                PROVIDE (__fini_array_end, .)
                0x200003b0                . = ALIGN (0x4)
                0x200003b0                __data_end__ = .

.jcr            0x200003b0        0x0 load address 0x00005e94
 .jcr           0x200003b0        0x0 c:/siliconlabs/simplicitystudio/v2/developer/toolchains/gnu_arm/4.7_2013q1/bin/../lib/gcc/arm-none-eabi/4.7.3/armv7-m/crtbegin.o

.igot.plt       0x200003b0        0x0 load address 0x00005e94
 .igot.plt      0x00000000        0x0 c:/siliconlabs/simplicitystudio/v2/developer/toolchains/gnu_arm/4.7_2013q1/bin/../lib/gcc/arm-none-eabi/4.7.3/armv7-m/crtbegin.o

.bss            0x200003b0      0x24c load address 0x00005e94
                0x200003b0                __bss_start__ = .
 *(.bss*)
 .bss           0x200003b0       0x1c c:/siliconlabs/simplicitystudio/v2/developer/toolchains/gnu_arm/4.7_2013q1/bin/../lib/gcc/arm-none-eabi/4.7.3/armv7-m/crtbegin.o
 .bss.bcid      0x200003cc        0x1 ./src/sirka.o
                0x200003cc                bcid
 .bss.settings_acc
                0x200003cd        0x1 ./src/sirka.o
                0x200003cd                settings_acc
 .bss.sirka_config
                0x200003ce        0x8 ./src/sirka.o
                0x200003ce                sirka_config
 .bss.gyrodata  0x200003d6        0x6 ./src/sirka.o
                0x200003d6                gyrodata
 .bss.magdata   0x200003dc        0x8 ./src/sirka.o
                0x200003dc                magdata
 .bss.systime_rec
                0x200003e4        0x4 ./src/sirka.o
                0x200003e4                systime_rec
 .bss.accdata   0x200003e8        0x6 ./src/sirka.o
                0x200003e8                accdata
 .bss.systime   0x200003ee        0x2 ./src/sirka.o
                0x200003ee                systime
 .bss.resolution
                0x200003f0        0x2 ./src/sirka.o
                0x200003f0                resolution
 .bss.frame_position
                0x200003f2        0x2 ./src/sirka.o
                0x200003f2                frame_position
 .bss.boot_config
                0x200003f4        0x8 ./src/sirka.o
                0x200003f4                boot_config
 *(COMMON)
 COMMON         0x200003fc      0x200 ./src/crc.o
                0x200003fc                crcTable
                0x200005fc                __bss_end__ = .

.heap           0x20000600        0x0
                0x20000600                __end__ = .
                0x20000600                end = __end__
                0x20000600                _end = __end__
 *(.heap*)
 .heap          0x20000600        0x0 ./CMSIS/efm32tg/startup_gcc_efm32tg.o
                0x20000600                __HeapLimit = .

.stack_dummy    0x20000600      0x400
 *(.stack)
 .stack         0x20000600      0x400 ./CMSIS/efm32tg/startup_gcc_efm32tg.o
                0x20001000                __StackTop = (ORIGIN (RAM) + 0x1000)
                0x20000c00                __StackLimit = (__StackTop - SIZEOF (.stack_dummy))
                0x20001000                PROVIDE (__stack, __StackTop)
                0x00000001                ASSERT ((__StackLimit >= __HeapLimit), region RAM overflowed with stack)
OUTPUT(SIRKA_EFM32TG110_DRA.axf elf32-littlearm)

.ARM.attributes
                0x00000000       0x29
 .ARM.attributes
                0x00000000       0x1d c:/siliconlabs/simplicitystudio/v2/developer/toolchains/gnu_arm/4.7_2013q1/bin/../lib/gcc/arm-none-eabi/4.7.3/armv7-m/crti.o
 .ARM.attributes
                0x0000001d       0x2d c:/siliconlabs/simplicitystudio/v2/developer/toolchains/gnu_arm/4.7_2013q1/bin/../lib/gcc/arm-none-eabi/4.7.3/armv7-m/crtbegin.o
 .ARM.attributes
                0x0000004a       0x1b c:/siliconlabs/simplicitystudio/v2/developer/toolchains/gnu_arm/4.7_2013q1/bin/../lib/gcc/arm-none-eabi/4.7.3/../../../../arm-none-eabi/lib/armv7-m/crt0.o
 .ARM.attributes
                0x00000065       0x33 ./src/BMX055.o
 .ARM.attributes
                0x00000098       0x33 ./src/calc.o
 .ARM.attributes
                0x000000cb       0x33 ./src/crc.o
 .ARM.attributes
                0x000000fe       0x33 ./src/debug.o
 .ARM.attributes
                0x00000131       0x33 ./src/delay.o
 .ARM.attributes
                0x00000164       0x33 ./src/emu.o
 .ARM.attributes
                0x00000197       0x33 ./src/inits.o
 .ARM.attributes
                0x000001ca       0x33 ./src/irq.o
 .ARM.attributes
                0x000001fd       0x33 ./src/msc.o
 .ARM.attributes
                0x00000230       0x33 ./src/sirka.o
 .ARM.attributes
                0x00000263       0x33 ./src/spi.o
 .ARM.attributes
                0x00000296       0x33 ./src/timer.o
 .ARM.attributes
                0x000002c9       0x33 ./src/usart.o
 .ARM.attributes
                0x000002fc       0x33 ./src/watchdog.o
 .ARM.attributes
                0x0000032f       0x1b ./CMSIS/efm32tg/startup_gcc_efm32tg.o
 .ARM.attributes
                0x0000034a       0x33 ./CMSIS/efm32tg/system_efm32tg.o
 .ARM.attributes
                0x0000037d       0x2d c:/siliconlabs/simplicitystudio/v2/developer/toolchains/gnu_arm/4.7_2013q1/bin/../lib/gcc/arm-none-eabi/4.7.3/../../../../arm-none-eabi/lib/armv7-m\libc_s.a(lib_a-__atexit2.o)
 .ARM.attributes
                0x000003aa       0x2d c:/siliconlabs/simplicitystudio/v2/developer/toolchains/gnu_arm/4.7_2013q1/bin/../lib/gcc/arm-none-eabi/4.7.3/../../../../arm-none-eabi/lib/armv7-m\libc_s.a(lib_a-exit.o)
 .ARM.attributes
                0x000003d7       0x2d c:/siliconlabs/simplicitystudio/v2/developer/toolchains/gnu_arm/4.7_2013q1/bin/../lib/gcc/arm-none-eabi/4.7.3/../../../../arm-none-eabi/lib/armv7-m\libc_s.a(lib_a-fini.o)
 .ARM.attributes
                0x00000404       0x2d c:/siliconlabs/simplicitystudio/v2/developer/toolchains/gnu_arm/4.7_2013q1/bin/../lib/gcc/arm-none-eabi/4.7.3/../../../../arm-none-eabi/lib/armv7-m\libc_s.a(lib_a-impure.o)
 .ARM.attributes
                0x00000431       0x2d c:/siliconlabs/simplicitystudio/v2/developer/toolchains/gnu_arm/4.7_2013q1/bin/../lib/gcc/arm-none-eabi/4.7.3/../../../../arm-none-eabi/lib/armv7-m\libc_s.a(lib_a-init.o)
 .ARM.attributes
                0x0000045e       0x2d c:/siliconlabs/simplicitystudio/v2/developer/toolchains/gnu_arm/4.7_2013q1/bin/../lib/gcc/arm-none-eabi/4.7.3/../../../../arm-none-eabi/lib/armv7-m\libc_s.a(lib_a-memset.o)
 .ARM.attributes
                0x0000048b       0x2d c:/siliconlabs/simplicitystudio/v2/developer/toolchains/gnu_arm/4.7_2013q1/bin/../lib/gcc/arm-none-eabi/4.7.3/../../../../arm-none-eabi/lib/armv7-m\libnosys.a(_exit.o)
 .ARM.attributes
                0x000004b8       0x2d c:/siliconlabs/simplicitystudio/v2/developer/toolchains/gnu_arm/4.7_2013q1/bin/../lib/gcc/arm-none-eabi/4.7.3/armv7-m/crtend.o
 .ARM.attributes
                0x000004e5       0x1d c:/siliconlabs/simplicitystudio/v2/developer/toolchains/gnu_arm/4.7_2013q1/bin/../lib/gcc/arm-none-eabi/4.7.3/armv7-m/crtn.o

.comment        0x00000000       0x70
 .comment       0x00000000       0x70 ./src/BMX055.o
                                 0x71 (size before relaxing)
 .comment       0x00000000       0x71 ./src/calc.o
 .comment       0x00000000       0x71 ./src/crc.o
 .comment       0x00000000       0x71 ./src/debug.o
 .comment       0x00000000       0x71 ./src/delay.o
 .comment       0x00000000       0x71 ./src/emu.o
 .comment       0x00000000       0x71 ./src/inits.o
 .comment       0x00000000       0x71 ./src/irq.o
 .comment       0x00000000       0x71 ./src/msc.o
 .comment       0x00000000       0x71 ./src/sirka.o
 .comment       0x00000000       0x71 ./src/spi.o
 .comment       0x00000000       0x71 ./src/timer.o
 .comment       0x00000000       0x71 ./src/usart.o
 .comment       0x00000000       0x71 ./src/watchdog.o
 .comment       0x00000000       0x71 ./CMSIS/efm32tg/system_efm32tg.o

.debug_info     0x00000000     0x6590
 .debug_info    0x00000000      0xd3c ./src/BMX055.o
 .debug_info    0x00000d3c      0x208 ./src/calc.o
 .debug_info    0x00000f44      0x14e ./src/crc.o
 .debug_info    0x00001092     0x183f ./src/debug.o
 .debug_info    0x000028d1      0x250 ./src/delay.o
 .debug_info    0x00002b21      0x29d ./src/emu.o
 .debug_info    0x00002dbe      0xac5 ./src/inits.o
 .debug_info    0x00003883      0x758 ./src/irq.o
 .debug_info    0x00003fdb      0x397 ./src/msc.o
 .debug_info    0x00004372      0xa85 ./src/sirka.o
 .debug_info    0x00004df7      0x5ca ./src/spi.o
 .debug_info    0x000053c1      0x27b ./src/timer.o
 .debug_info    0x0000563c      0x791 ./src/usart.o
 .debug_info    0x00005dcd      0x1a4 ./src/watchdog.o
 .debug_info    0x00005f71       0x99 ./CMSIS/efm32tg/startup_gcc_efm32tg.o
 .debug_info    0x0000600a      0x586 ./CMSIS/efm32tg/system_efm32tg.o

.debug_abbrev   0x00000000     0x1414
 .debug_abbrev  0x00000000      0x1be ./src/BMX055.o
 .debug_abbrev  0x000001be       0xd7 ./src/calc.o
 .debug_abbrev  0x00000295       0xd7 ./src/crc.o
 .debug_abbrev  0x0000036c      0x22f ./src/debug.o
 .debug_abbrev  0x0000059b       0xbc ./src/delay.o
 .debug_abbrev  0x00000657       0xda ./src/emu.o
 .debug_abbrev  0x00000731       0xf2 ./src/inits.o
 .debug_abbrev  0x00000823      0x1ef ./src/irq.o
 .debug_abbrev  0x00000a12      0x157 ./src/msc.o
 .debug_abbrev  0x00000b69      0x1b3 ./src/sirka.o
 .debug_abbrev  0x00000d1c      0x151 ./src/spi.o
 .debug_abbrev  0x00000e6d       0xd6 ./src/timer.o
 .debug_abbrev  0x00000f43      0x198 ./src/usart.o
 .debug_abbrev  0x000010db      0x141 ./src/watchdog.o
 .debug_abbrev  0x0000121c       0x14 ./CMSIS/efm32tg/startup_gcc_efm32tg.o
 .debug_abbrev  0x00001230      0x1e4 ./CMSIS/efm32tg/system_efm32tg.o

.debug_loc      0x00000000     0x18d9
 .debug_loc     0x00000000      0x4b9 ./src/BMX055.o
 .debug_loc     0x000004b9      0x1eb ./src/calc.o
 .debug_loc     0x000006a4       0xa2 ./src/crc.o
 .debug_loc     0x00000746      0x719 ./src/debug.o
 .debug_loc     0x00000e5f       0x60 ./src/irq.o
 .debug_loc     0x00000ebf      0x284 ./src/msc.o
 .debug_loc     0x00001143       0xaf ./src/sirka.o
 .debug_loc     0x000011f2      0x169 ./src/spi.o
 .debug_loc     0x0000135b       0x21 ./src/timer.o
 .debug_loc     0x0000137c      0x475 ./src/usart.o
 .debug_loc     0x000017f1       0xe8 ./CMSIS/efm32tg/system_efm32tg.o

.debug_aranges  0x00000000      0x388
 .debug_aranges
                0x00000000       0x68 ./src/BMX055.o
 .debug_aranges
                0x00000068       0x28 ./src/calc.o
 .debug_aranges
                0x00000090       0x28 ./src/crc.o
 .debug_aranges
                0x000000b8       0x60 ./src/debug.o
 .debug_aranges
                0x00000118       0x20 ./src/delay.o
 .debug_aranges
                0x00000138       0x20 ./src/emu.o
 .debug_aranges
                0x00000158       0x48 ./src/inits.o
 .debug_aranges
                0x000001a0       0x38 ./src/irq.o
 .debug_aranges
                0x000001d8       0x38 ./src/msc.o
 .debug_aranges
                0x00000210       0x20 ./src/sirka.o
 .debug_aranges
                0x00000230       0x30 ./src/spi.o
 .debug_aranges
                0x00000260       0x48 ./src/timer.o
 .debug_aranges
                0x000002a8       0x38 ./src/usart.o
 .debug_aranges
                0x000002e0       0x28 ./src/watchdog.o
 .debug_aranges
                0x00000308       0x20 ./CMSIS/efm32tg/startup_gcc_efm32tg.o
 .debug_aranges
                0x00000328       0x60 ./CMSIS/efm32tg/system_efm32tg.o

.debug_ranges   0x00000000      0x380
 .debug_ranges  0x00000000       0x58 ./src/BMX055.o
 .debug_ranges  0x00000058       0x18 ./src/calc.o
 .debug_ranges  0x00000070       0x18 ./src/crc.o
 .debug_ranges  0x00000088       0x50 ./src/debug.o
 .debug_ranges  0x000000d8       0x10 ./src/delay.o
 .debug_ranges  0x000000e8       0x10 ./src/emu.o
 .debug_ranges  0x000000f8       0x38 ./src/inits.o
 .debug_ranges  0x00000130       0x58 ./src/irq.o
 .debug_ranges  0x00000188       0x28 ./src/msc.o
 .debug_ranges  0x000001b0       0x10 ./src/sirka.o
 .debug_ranges  0x000001c0       0x20 ./src/spi.o
 .debug_ranges  0x000001e0       0x38 ./src/timer.o
 .debug_ranges  0x00000218       0xd0 ./src/usart.o
 .debug_ranges  0x000002e8       0x18 ./src/watchdog.o
 .debug_ranges  0x00000300       0x80 ./CMSIS/efm32tg/system_efm32tg.o

.debug_line     0x00000000     0x26f8
 .debug_line    0x00000000      0x30f ./src/BMX055.o
 .debug_line    0x0000030f      0x1f6 ./src/calc.o
 .debug_line    0x00000505       0xff ./src/crc.o
 .debug_line    0x00000604      0x599 ./src/debug.o
 .debug_line    0x00000b9d      0x138 ./src/delay.o
 .debug_line    0x00000cd5      0x148 ./src/emu.o
 .debug_line    0x00000e1d      0x2f2 ./src/inits.o
 .debug_line    0x0000110f      0x280 ./src/irq.o
 .debug_line    0x0000138f      0x276 ./src/msc.o
 .debug_line    0x00001605      0x3b7 ./src/sirka.o
 .debug_line    0x000019bc      0x2a1 ./src/spi.o
 .debug_line    0x00001c5d      0x235 ./src/timer.o
 .debug_line    0x00001e92      0x32d ./src/usart.o
 .debug_line    0x000021bf      0x1e3 ./src/watchdog.o
 .debug_line    0x000023a2       0x8f ./CMSIS/efm32tg/startup_gcc_efm32tg.o
 .debug_line    0x00002431      0x2c7 ./CMSIS/efm32tg/system_efm32tg.o

.debug_str      0x00000000      0xf55
 .debug_str     0x00000000      0x278 ./src/BMX055.o
                                0x2c8 (size before relaxing)
 .debug_str     0x00000278       0x5b ./src/calc.o
                                0x1e1 (size before relaxing)
 .debug_str     0x000002d3       0x43 ./src/crc.o
                                0x179 (size before relaxing)
 .debug_str     0x00000316      0x1f8 ./src/debug.o
                                0x3c5 (size before relaxing)
 .debug_str     0x0000050e       0xbd ./src/delay.o
                                0x214 (size before relaxing)
 .debug_str     0x000005cb       0x74 ./src/emu.o
                                0x1c4 (size before relaxing)
 .debug_str     0x0000063f      0x235 ./src/inits.o
                                0x50f (size before relaxing)
 .debug_str     0x00000874      0x2b5 ./src/irq.o
                                0x518 (size before relaxing)
 .debug_str     0x00000b29       0x85 ./src/msc.o
                                0x26d (size before relaxing)
 .debug_str     0x00000bae      0x134 ./src/sirka.o
                                0x467 (size before relaxing)
 .debug_str     0x00000ce2       0x87 ./src/spi.o
                                0x340 (size before relaxing)
 .debug_str     0x00000d69        0xf ./src/timer.o
                                0x1f7 (size before relaxing)
 .debug_str     0x00000d78       0x19 ./src/usart.o
                                0x32f (size before relaxing)
 .debug_str     0x00000d91       0x3b ./src/watchdog.o
                                0x1a6 (size before relaxing)
 .debug_str     0x00000dcc      0x189 ./CMSIS/efm32tg/system_efm32tg.o
                                0x3f7 (size before relaxing)

.debug_frame    0x00000000      0x76c
 .debug_frame   0x00000000      0x130 ./src/BMX055.o
 .debug_frame   0x00000130       0x58 ./src/calc.o
 .debug_frame   0x00000188       0x30 ./src/crc.o
 .debug_frame   0x000001b8      0x114 ./src/debug.o
 .debug_frame   0x000002cc       0x20 ./src/delay.o
 .debug_frame   0x000002ec       0x20 ./src/emu.o
 .debug_frame   0x0000030c       0x70 ./src/inits.o
 .debug_frame   0x0000037c       0x68 ./src/irq.o
 .debug_frame   0x000003e4       0x6c ./src/msc.o
 .debug_frame   0x00000450       0x34 ./src/sirka.o
 .debug_frame   0x00000484       0x40 ./src/spi.o
 .debug_frame   0x000004c4       0x70 ./src/timer.o
 .debug_frame   0x00000534       0x78 ./src/usart.o
 .debug_frame   0x000005ac       0x30 ./src/watchdog.o
 .debug_frame   0x000005dc       0xa8 ./CMSIS/efm32tg/system_efm32tg.o
 .debug_frame   0x00000684       0x28 c:/siliconlabs/simplicitystudio/v2/developer/toolchains/gnu_arm/4.7_2013q1/bin/../lib/gcc/arm-none-eabi/4.7.3/../../../../arm-none-eabi/lib/armv7-m\libc_s.a(lib_a-__atexit2.o)
 .debug_frame   0x000006ac       0x28 c:/siliconlabs/simplicitystudio/v2/developer/toolchains/gnu_arm/4.7_2013q1/bin/../lib/gcc/arm-none-eabi/4.7.3/../../../../arm-none-eabi/lib/armv7-m\libc_s.a(lib_a-exit.o)
 .debug_frame   0x000006d4       0x2c c:/siliconlabs/simplicitystudio/v2/developer/toolchains/gnu_arm/4.7_2013q1/bin/../lib/gcc/arm-none-eabi/4.7.3/../../../../arm-none-eabi/lib/armv7-m\libc_s.a(lib_a-fini.o)
 .debug_frame   0x00000700       0x2c c:/siliconlabs/simplicitystudio/v2/developer/toolchains/gnu_arm/4.7_2013q1/bin/../lib/gcc/arm-none-eabi/4.7.3/../../../../arm-none-eabi/lib/armv7-m\libc_s.a(lib_a-init.o)
 .debug_frame   0x0000072c       0x20 c:/siliconlabs/simplicitystudio/v2/developer/toolchains/gnu_arm/4.7_2013q1/bin/../lib/gcc/arm-none-eabi/4.7.3/../../../../arm-none-eabi/lib/armv7-m\libc_s.a(lib_a-memset.o)
 .debug_frame   0x0000074c       0x20 c:/siliconlabs/simplicitystudio/v2/developer/toolchains/gnu_arm/4.7_2013q1/bin/../lib/gcc/arm-none-eabi/4.7.3/../../../../arm-none-eabi/lib/armv7-m\libnosys.a(_exit.o)
