Archive member included because of file (symbol)

c:/siliconlabs/simplicitystudio/v2/developer/toolchains/gnu_arm/4.7_2013q1/bin/../lib/gcc/arm-none-eabi/4.7.3/../../../../arm-none-eabi/lib/armv7-m\libc_s.a(lib_a-__atexit2.o)
                              c:/siliconlabs/simplicitystudio/v2/developer/toolchains/gnu_arm/4.7_2013q1/bin/../lib/gcc/arm-none-eabi/4.7.3/../../../../arm-none-eabi/lib/armv7-m/crt0.o (__register_exitproc)
c:/siliconlabs/simplicitystudio/v2/developer/toolchains/gnu_arm/4.7_2013q1/bin/../lib/gcc/arm-none-eabi/4.7.3/../../../../arm-none-eabi/lib/armv7-m\libc_s.a(lib_a-exit.o)
                              c:/siliconlabs/simplicitystudio/v2/developer/toolchains/gnu_arm/4.7_2013q1/bin/../lib/gcc/arm-none-eabi/4.7.3/../../../../arm-none-eabi/lib/armv7-m/crt0.o (exit)
c:/siliconlabs/simplicitystudio/v2/developer/toolchains/gnu_arm/4.7_2013q1/bin/../lib/gcc/arm-none-eabi/4.7.3/../../../../arm-none-eabi/lib/armv7-m\libc_s.a(lib_a-fini.o)
                              c:/siliconlabs/simplicitystudio/v2/developer/toolchains/gnu_arm/4.7_2013q1/bin/../lib/gcc/arm-none-eabi/4.7.3/../../../../arm-none-eabi/lib/armv7-m/crt0.o (__libc_fini_array)
c:/siliconlabs/simplicitystudio/v2/developer/toolchains/gnu_arm/4.7_2013q1/bin/../lib/gcc/arm-none-eabi/4.7.3/../../../../arm-none-eabi/lib/armv7-m\libc_s.a(lib_a-impure.o)
                              c:/siliconlabs/simplicitystudio/v2/developer/toolchains/gnu_arm/4.7_2013q1/bin/../lib/gcc/arm-none-eabi/4.7.3/../../../../arm-none-eabi/lib/armv7-m\libc_s.a(lib_a-exit.o) (_global_impure_ptr)
c:/siliconlabs/simplicitystudio/v2/developer/toolchains/gnu_arm/4.7_2013q1/bin/../lib/gcc/arm-none-eabi/4.7.3/../../../../arm-none-eabi/lib/armv7-m\libc_s.a(lib_a-init.o)
                              c:/siliconlabs/simplicitystudio/v2/developer/toolchains/gnu_arm/4.7_2013q1/bin/../lib/gcc/arm-none-eabi/4.7.3/../../../../arm-none-eabi/lib/armv7-m/crt0.o (__libc_init_array)
c:/siliconlabs/simplicitystudio/v2/developer/toolchains/gnu_arm/4.7_2013q1/bin/../lib/gcc/arm-none-eabi/4.7.3/../../../../arm-none-eabi/lib/armv7-m\libc_s.a(lib_a-memset.o)
                              c:/siliconlabs/simplicitystudio/v2/developer/toolchains/gnu_arm/4.7_2013q1/bin/../lib/gcc/arm-none-eabi/4.7.3/../../../../arm-none-eabi/lib/armv7-m/crt0.o (memset)
c:/siliconlabs/simplicitystudio/v2/developer/toolchains/gnu_arm/4.7_2013q1/bin/../lib/gcc/arm-none-eabi/4.7.3/../../../../arm-none-eabi/lib/armv7-m\libnosys.a(_exit.o)
                              c:/siliconlabs/simplicitystudio/v2/developer/toolchains/gnu_arm/4.7_2013q1/bin/../lib/gcc/arm-none-eabi/4.7.3/../../../../arm-none-eabi/lib/armv7-m\libc_s.a(lib_a-exit.o) (_exit)

Allocating common symbols
Common symbol       size              file

SystemCoreClock     0x4               ./CMSIS/efm32tg/system_efm32tg.o
crcTable            0x200             ./src/crc.o

Discarded input sections

 .text          0x00000000        0x0 c:/siliconlabs/simplicitystudio/v2/developer/toolchains/gnu_arm/4.7_2013q1/bin/../lib/gcc/arm-none-eabi/4.7.3/armv7-m/crti.o
 .data          0x00000000        0x0 c:/siliconlabs/simplicitystudio/v2/developer/toolchains/gnu_arm/4.7_2013q1/bin/../lib/gcc/arm-none-eabi/4.7.3/armv7-m/crti.o
 .bss           0x00000000        0x0 c:/siliconlabs/simplicitystudio/v2/developer/toolchains/gnu_arm/4.7_2013q1/bin/../lib/gcc/arm-none-eabi/4.7.3/armv7-m/crti.o
 .data          0x00000000        0x4 c:/siliconlabs/simplicitystudio/v2/developer/toolchains/gnu_arm/4.7_2013q1/bin/../lib/gcc/arm-none-eabi/4.7.3/armv7-m/crtbegin.o
 .data          0x00000000        0x0 c:/siliconlabs/simplicitystudio/v2/developer/toolchains/gnu_arm/4.7_2013q1/bin/../lib/gcc/arm-none-eabi/4.7.3/../../../../arm-none-eabi/lib/armv7-m/crt0.o
 .bss           0x00000000        0x0 c:/siliconlabs/simplicitystudio/v2/developer/toolchains/gnu_arm/4.7_2013q1/bin/../lib/gcc/arm-none-eabi/4.7.3/../../../../arm-none-eabi/lib/armv7-m/crt0.o
 .ARM.extab     0x00000000        0x0 c:/siliconlabs/simplicitystudio/v2/developer/toolchains/gnu_arm/4.7_2013q1/bin/../lib/gcc/arm-none-eabi/4.7.3/../../../../arm-none-eabi/lib/armv7-m/crt0.o
 .text          0x00000000        0x0 ./src/BMX055.o
 .data          0x00000000        0x0 ./src/BMX055.o
 .bss           0x00000000        0x0 ./src/BMX055.o
 .text          0x00000000        0x0 ./src/calc.o
 .data          0x00000000        0x0 ./src/calc.o
 .bss           0x00000000        0x0 ./src/calc.o
 .text          0x00000000        0x0 ./src/crc.o
 .data          0x00000000        0x0 ./src/crc.o
 .bss           0x00000000        0x0 ./src/crc.o
 .text          0x00000000        0x0 ./src/debug.o
 .data          0x00000000        0x0 ./src/debug.o
 .bss           0x00000000        0x0 ./src/debug.o
 .text.advanced_selftest_mag
                0x00000000       0xfc ./src/debug.o
 .text.print_data
                0x00000000      0x150 ./src/debug.o
 .text          0x00000000        0x0 ./src/delay.o
 .data          0x00000000        0x0 ./src/delay.o
 .bss           0x00000000        0x0 ./src/delay.o
 .text          0x00000000        0x0 ./src/emu.o
 .data          0x00000000        0x0 ./src/emu.o
 .bss           0x00000000        0x0 ./src/emu.o
 .text          0x00000000        0x0 ./src/inits.o
 .data          0x00000000        0x0 ./src/inits.o
 .bss           0x00000000        0x0 ./src/inits.o
 .text          0x00000000        0x0 ./src/irq.o
 .data          0x00000000        0x0 ./src/irq.o
 .bss           0x00000000        0x0 ./src/irq.o
 .text          0x00000000        0x0 ./src/msc.o
 .data          0x00000000        0x0 ./src/msc.o
 .bss           0x00000000        0x0 ./src/msc.o
 .text          0x00000000        0x0 ./src/sirka.o
 .data          0x00000000        0x0 ./src/sirka.o
 .bss           0x00000000        0x0 ./src/sirka.o
 .data.boot_flag
                0x00000000        0x4 ./src/sirka.o
 .text          0x00000000        0x0 ./src/spi.o
 .data          0x00000000        0x0 ./src/spi.o
 .bss           0x00000000        0x0 ./src/spi.o
 .text          0x00000000        0x0 ./src/timer.o
 .data          0x00000000        0x0 ./src/timer.o
 .bss           0x00000000        0x0 ./src/timer.o
 .text.TIMER1_stop
                0x00000000       0x10 ./src/timer.o
 .text          0x00000000        0x0 ./src/usart.o
 .data          0x00000000        0x0 ./src/usart.o
 .bss           0x00000000        0x0 ./src/usart.o
 .text          0x00000000        0x0 ./src/watchdog.o
 .data          0x00000000        0x0 ./src/watchdog.o
 .bss           0x00000000        0x0 ./src/watchdog.o
 .text.WDOG_Feed
                0x00000000       0x20 ./src/watchdog.o
 .text          0x00000000        0x0 ./emlib/em_gpio.o
 .data          0x00000000        0x0 ./emlib/em_gpio.o
 .bss           0x00000000        0x0 ./emlib/em_gpio.o
 .text.GPIO_DbgLocationSet
                0x00000000       0x18 ./emlib/em_gpio.o
 .text.GPIO_DriveModeSet
                0x00000000       0x18 ./emlib/em_gpio.o
 .text.GPIO_IntConfig
                0x00000000       0x80 ./emlib/em_gpio.o
 .text.GPIO_PinModeSet
                0x00000000       0x94 ./emlib/em_gpio.o
 .debug_info    0x00000000      0x580 ./emlib/em_gpio.o
 .debug_abbrev  0x00000000      0x1c5 ./emlib/em_gpio.o
 .debug_loc     0x00000000      0x3f8 ./emlib/em_gpio.o
 .debug_aranges
                0x00000000       0x38 ./emlib/em_gpio.o
 .debug_ranges  0x00000000       0x88 ./emlib/em_gpio.o
 .debug_line    0x00000000      0x2c6 ./emlib/em_gpio.o
 .debug_str     0x00000000      0x4bf ./emlib/em_gpio.o
 .comment       0x00000000       0x71 ./emlib/em_gpio.o
 .ARM.attributes
                0x00000000       0x33 ./emlib/em_gpio.o
 .debug_frame   0x00000000       0x70 ./emlib/em_gpio.o
 .text          0x00000000        0x0 ./emlib/em_system.o
 .data          0x00000000        0x0 ./emlib/em_system.o
 .bss           0x00000000        0x0 ./emlib/em_system.o
 .text.SYSTEM_ChipRevisionGet
                0x00000000       0x20 ./emlib/em_system.o
 .text.SYSTEM_GetCalibrationValue
                0x00000000       0x28 ./emlib/em_system.o
 .debug_info    0x00000000      0x246 ./emlib/em_system.o
 .debug_abbrev  0x00000000       0xef ./emlib/em_system.o
 .debug_loc     0x00000000       0x8e ./emlib/em_system.o
 .debug_aranges
                0x00000000       0x28 ./emlib/em_system.o
 .debug_ranges  0x00000000       0x18 ./emlib/em_system.o
 .debug_line    0x00000000      0x26b ./emlib/em_system.o
 .debug_str     0x00000000      0x22e ./emlib/em_system.o
 .comment       0x00000000       0x71 ./emlib/em_system.o
 .ARM.attributes
                0x00000000       0x33 ./emlib/em_system.o
 .debug_frame   0x00000000       0x30 ./emlib/em_system.o
 .data          0x00000000        0x0 ./CMSIS/efm32tg/startup_gcc_efm32tg.o
 .bss           0x00000000        0x0 ./CMSIS/efm32tg/startup_gcc_efm32tg.o
 .text          0x00000000        0x0 ./CMSIS/efm32tg/system_efm32tg.o
 .data          0x00000000        0x0 ./CMSIS/efm32tg/system_efm32tg.o
 .bss           0x00000000        0x0 ./CMSIS/efm32tg/system_efm32tg.o
 .text.SystemHFClockGet
                0x00000000       0xb4 ./CMSIS/efm32tg/system_efm32tg.o
 .text.SystemCoreClockGet
                0x00000000       0x20 ./CMSIS/efm32tg/system_efm32tg.o
 .text.SystemHFXOClockGet
                0x00000000        0xc ./CMSIS/efm32tg/system_efm32tg.o
 .text.SystemHFXOClockSet
                0x00000000       0x1c ./CMSIS/efm32tg/system_efm32tg.o
 .text.SystemLFRCOClockGet
                0x00000000        0x6 ./CMSIS/efm32tg/system_efm32tg.o
 .text.SystemULFRCOClockGet
                0x00000000        0x6 ./CMSIS/efm32tg/system_efm32tg.o
 .text.SystemLFXOClockGet
                0x00000000        0xc ./CMSIS/efm32tg/system_efm32tg.o
 .text.SystemLFXOClockSet
                0x00000000       0x1c ./CMSIS/efm32tg/system_efm32tg.o
 .data.SystemLFXOClock
                0x00000000        0x4 ./CMSIS/efm32tg/system_efm32tg.o
 .data.SystemHFXOClock
                0x00000000        0x4 ./CMSIS/efm32tg/system_efm32tg.o
 COMMON         0x00000000        0x4 ./CMSIS/efm32tg/system_efm32tg.o
 .text          0x00000000        0x0 c:/siliconlabs/simplicitystudio/v2/developer/toolchains/gnu_arm/4.7_2013q1/bin/../lib/gcc/arm-none-eabi/4.7.3/../../../../arm-none-eabi/lib/armv7-m\libc_s.a(lib_a-__atexit2.o)
 .data          0x00000000        0x0 c:/siliconlabs/simplicitystudio/v2/developer/toolchains/gnu_arm/4.7_2013q1/bin/../lib/gcc/arm-none-eabi/4.7.3/../../../../arm-none-eabi/lib/armv7-m\libc_s.a(lib_a-__atexit2.o)
 .bss           0x00000000        0x0 c:/siliconlabs/simplicitystudio/v2/developer/toolchains/gnu_arm/4.7_2013q1/bin/../lib/gcc/arm-none-eabi/4.7.3/../../../../arm-none-eabi/lib/armv7-m\libc_s.a(lib_a-__atexit2.o)
 .text          0x00000000        0x0 c:/siliconlabs/simplicitystudio/v2/developer/toolchains/gnu_arm/4.7_2013q1/bin/../lib/gcc/arm-none-eabi/4.7.3/../../../../arm-none-eabi/lib/armv7-m\libc_s.a(lib_a-exit.o)
 .data          0x00000000        0x0 c:/siliconlabs/simplicitystudio/v2/developer/toolchains/gnu_arm/4.7_2013q1/bin/../lib/gcc/arm-none-eabi/4.7.3/../../../../arm-none-eabi/lib/armv7-m\libc_s.a(lib_a-exit.o)
 .bss           0x00000000        0x0 c:/siliconlabs/simplicitystudio/v2/developer/toolchains/gnu_arm/4.7_2013q1/bin/../lib/gcc/arm-none-eabi/4.7.3/../../../../arm-none-eabi/lib/armv7-m\libc_s.a(lib_a-exit.o)
 .text          0x00000000        0x0 c:/siliconlabs/simplicitystudio/v2/developer/toolchains/gnu_arm/4.7_2013q1/bin/../lib/gcc/arm-none-eabi/4.7.3/../../../../arm-none-eabi/lib/armv7-m\libc_s.a(lib_a-fini.o)
 .data          0x00000000        0x0 c:/siliconlabs/simplicitystudio/v2/developer/toolchains/gnu_arm/4.7_2013q1/bin/../lib/gcc/arm-none-eabi/4.7.3/../../../../arm-none-eabi/lib/armv7-m\libc_s.a(lib_a-fini.o)
 .bss           0x00000000        0x0 c:/siliconlabs/simplicitystudio/v2/developer/toolchains/gnu_arm/4.7_2013q1/bin/../lib/gcc/arm-none-eabi/4.7.3/../../../../arm-none-eabi/lib/armv7-m\libc_s.a(lib_a-fini.o)
 .text          0x00000000        0x0 c:/siliconlabs/simplicitystudio/v2/developer/toolchains/gnu_arm/4.7_2013q1/bin/../lib/gcc/arm-none-eabi/4.7.3/../../../../arm-none-eabi/lib/armv7-m\libc_s.a(lib_a-impure.o)
 .data          0x00000000        0x0 c:/siliconlabs/simplicitystudio/v2/developer/toolchains/gnu_arm/4.7_2013q1/bin/../lib/gcc/arm-none-eabi/4.7.3/../../../../arm-none-eabi/lib/armv7-m\libc_s.a(lib_a-impure.o)
 .bss           0x00000000        0x0 c:/siliconlabs/simplicitystudio/v2/developer/toolchains/gnu_arm/4.7_2013q1/bin/../lib/gcc/arm-none-eabi/4.7.3/../../../../arm-none-eabi/lib/armv7-m\libc_s.a(lib_a-impure.o)
 .data._impure_ptr
                0x00000000        0x4 c:/siliconlabs/simplicitystudio/v2/developer/toolchains/gnu_arm/4.7_2013q1/bin/../lib/gcc/arm-none-eabi/4.7.3/../../../../arm-none-eabi/lib/armv7-m\libc_s.a(lib_a-impure.o)
 .text          0x00000000        0x0 c:/siliconlabs/simplicitystudio/v2/developer/toolchains/gnu_arm/4.7_2013q1/bin/../lib/gcc/arm-none-eabi/4.7.3/../../../../arm-none-eabi/lib/armv7-m\libc_s.a(lib_a-init.o)
 .data          0x00000000        0x0 c:/siliconlabs/simplicitystudio/v2/developer/toolchains/gnu_arm/4.7_2013q1/bin/../lib/gcc/arm-none-eabi/4.7.3/../../../../arm-none-eabi/lib/armv7-m\libc_s.a(lib_a-init.o)
 .bss           0x00000000        0x0 c:/siliconlabs/simplicitystudio/v2/developer/toolchains/gnu_arm/4.7_2013q1/bin/../lib/gcc/arm-none-eabi/4.7.3/../../../../arm-none-eabi/lib/armv7-m\libc_s.a(lib_a-init.o)
 .text          0x00000000        0x0 c:/siliconlabs/simplicitystudio/v2/developer/toolchains/gnu_arm/4.7_2013q1/bin/../lib/gcc/arm-none-eabi/4.7.3/../../../../arm-none-eabi/lib/armv7-m\libc_s.a(lib_a-memset.o)
 .data          0x00000000        0x0 c:/siliconlabs/simplicitystudio/v2/developer/toolchains/gnu_arm/4.7_2013q1/bin/../lib/gcc/arm-none-eabi/4.7.3/../../../../arm-none-eabi/lib/armv7-m\libc_s.a(lib_a-memset.o)
 .bss           0x00000000        0x0 c:/siliconlabs/simplicitystudio/v2/developer/toolchains/gnu_arm/4.7_2013q1/bin/../lib/gcc/arm-none-eabi/4.7.3/../../../../arm-none-eabi/lib/armv7-m\libc_s.a(lib_a-memset.o)
 .text          0x00000000        0x0 c:/siliconlabs/simplicitystudio/v2/developer/toolchains/gnu_arm/4.7_2013q1/bin/../lib/gcc/arm-none-eabi/4.7.3/../../../../arm-none-eabi/lib/armv7-m\libnosys.a(_exit.o)
 .data          0x00000000        0x0 c:/siliconlabs/simplicitystudio/v2/developer/toolchains/gnu_arm/4.7_2013q1/bin/../lib/gcc/arm-none-eabi/4.7.3/../../../../arm-none-eabi/lib/armv7-m\libnosys.a(_exit.o)
 .bss           0x00000000        0x0 c:/siliconlabs/simplicitystudio/v2/developer/toolchains/gnu_arm/4.7_2013q1/bin/../lib/gcc/arm-none-eabi/4.7.3/../../../../arm-none-eabi/lib/armv7-m\libnosys.a(_exit.o)
 .text          0x00000000        0x0 c:/siliconlabs/simplicitystudio/v2/developer/toolchains/gnu_arm/4.7_2013q1/bin/../lib/gcc/arm-none-eabi/4.7.3/armv7-m/crtend.o
 .data          0x00000000        0x0 c:/siliconlabs/simplicitystudio/v2/developer/toolchains/gnu_arm/4.7_2013q1/bin/../lib/gcc/arm-none-eabi/4.7.3/armv7-m/crtend.o
 .bss           0x00000000        0x0 c:/siliconlabs/simplicitystudio/v2/developer/toolchains/gnu_arm/4.7_2013q1/bin/../lib/gcc/arm-none-eabi/4.7.3/armv7-m/crtend.o
 .jcr           0x00000000        0x4 c:/siliconlabs/simplicitystudio/v2/developer/toolchains/gnu_arm/4.7_2013q1/bin/../lib/gcc/arm-none-eabi/4.7.3/armv7-m/crtend.o
 .text          0x00000000        0x0 c:/siliconlabs/simplicitystudio/v2/developer/toolchains/gnu_arm/4.7_2013q1/bin/../lib/gcc/arm-none-eabi/4.7.3/armv7-m/crtn.o
 .data          0x00000000        0x0 c:/siliconlabs/simplicitystudio/v2/developer/toolchains/gnu_arm/4.7_2013q1/bin/../lib/gcc/arm-none-eabi/4.7.3/armv7-m/crtn.o
 .bss           0x00000000        0x0 c:/siliconlabs/simplicitystudio/v2/developer/toolchains/gnu_arm/4.7_2013q1/bin/../lib/gcc/arm-none-eabi/4.7.3/armv7-m/crtn.o

Memory Configuration

Name             Origin             Length             Attributes
FLASH            0x00000000         0x00008000         xr
RAM              0x20000000         0x00001000         xrw
*default*        0x00000000         0xffffffff

Linker script and memory map

LOAD c:/siliconlabs/simplicitystudio/v2/developer/toolchains/gnu_arm/4.7_2013q1/bin/../lib/gcc/arm-none-eabi/4.7.3/armv7-m/crti.o
LOAD c:/siliconlabs/simplicitystudio/v2/developer/toolchains/gnu_arm/4.7_2013q1/bin/../lib/gcc/arm-none-eabi/4.7.3/armv7-m/crtbegin.o
LOAD c:/siliconlabs/simplicitystudio/v2/developer/toolchains/gnu_arm/4.7_2013q1/bin/../lib/gcc/arm-none-eabi/4.7.3/../../../../arm-none-eabi/lib/armv7-m/crt0.o
LOAD ./src/BMX055.o
LOAD ./src/calc.o
LOAD ./src/crc.o
LOAD ./src/debug.o
LOAD ./src/delay.o
LOAD ./src/emu.o
LOAD ./src/inits.o
LOAD ./src/irq.o
LOAD ./src/msc.o
LOAD ./src/sirka.o
LOAD ./src/spi.o
LOAD ./src/timer.o
LOAD ./src/usart.o
LOAD ./src/watchdog.o
LOAD ./emlib/em_gpio.o
LOAD ./emlib/em_system.o
LOAD ./CMSIS/efm32tg/startup_gcc_efm32tg.o
LOAD ./CMSIS/efm32tg/system_efm32tg.o
START GROUP
LOAD c:/siliconlabs/simplicitystudio/v2/developer/toolchains/gnu_arm/4.7_2013q1/bin/../lib/gcc/arm-none-eabi/4.7.3/armv7-m\libgcc.a
LOAD c:/siliconlabs/simplicitystudio/v2/developer/toolchains/gnu_arm/4.7_2013q1/bin/../lib/gcc/arm-none-eabi/4.7.3/../../../../arm-none-eabi/lib/armv7-m\libc_s.a
LOAD c:/siliconlabs/simplicitystudio/v2/developer/toolchains/gnu_arm/4.7_2013q1/bin/../lib/gcc/arm-none-eabi/4.7.3/../../../../arm-none-eabi/lib/armv7-m\libnosys.a
END GROUP
START GROUP
LOAD c:/siliconlabs/simplicitystudio/v2/developer/toolchains/gnu_arm/4.7_2013q1/bin/../lib/gcc/arm-none-eabi/4.7.3/armv7-m\libgcc.a
LOAD c:/siliconlabs/simplicitystudio/v2/developer/toolchains/gnu_arm/4.7_2013q1/bin/../lib/gcc/arm-none-eabi/4.7.3/../../../../arm-none-eabi/lib/armv7-m\libc_s.a
END GROUP
LOAD c:/siliconlabs/simplicitystudio/v2/developer/toolchains/gnu_arm/4.7_2013q1/bin/../lib/gcc/arm-none-eabi/4.7.3/armv7-m/crtend.o
LOAD c:/siliconlabs/simplicitystudio/v2/developer/toolchains/gnu_arm/4.7_2013q1/bin/../lib/gcc/arm-none-eabi/4.7.3/armv7-m/crtn.o

.text           0x00000000     0x1a04
 *(.isr_vector)
 .isr_vector    0x00000000      0x100 ./CMSIS/efm32tg/startup_gcc_efm32tg.o
                0x00000000                __isr_vector
 *(.text*)
 .text          0x00000100       0x54 c:/siliconlabs/simplicitystudio/v2/developer/toolchains/gnu_arm/4.7_2013q1/bin/../lib/gcc/arm-none-eabi/4.7.3/armv7-m/crtbegin.o
 .text          0x00000154       0x70 c:/siliconlabs/simplicitystudio/v2/developer/toolchains/gnu_arm/4.7_2013q1/bin/../lib/gcc/arm-none-eabi/4.7.3/../../../../arm-none-eabi/lib/armv7-m/crt0.o
                0x00000154                _start
                0x00000154                start
                0x00000154                _mainCRTStartup
 .text.interface_init
                0x000001c4       0x22 ./src/BMX055.o
                0x000001c4                interface_init
 .text.getGyrData
                0x000001e6       0x62 ./src/BMX055.o
                0x000001e6                getGyrData
 .text.getAccData
                0x00000248       0x62 ./src/BMX055.o
                0x00000248                getAccData
 *fill*         0x000002aa        0x2 00
 .text.getMagData_forced
                0x000002ac       0xf8 ./src/BMX055.o
                0x000002ac                getMagData_forced
 .text.setup_Mag
                0x000003a4       0xc0 ./src/BMX055.o
                0x000003a4                setup_Mag
 .text.setup_Acc
                0x00000464       0x92 ./src/BMX055.o
                0x00000464                setup_Acc
 .text.setup_Gyro
                0x000004f6       0x80 ./src/BMX055.o
                0x000004f6                setup_Gyro
 .text.setup_Gyro_Range
                0x00000576       0x26 ./src/BMX055.o
                0x00000576                setup_Gyro_Range
 .text.setup_Address
                0x0000059c       0x24 ./src/BMX055.o
                0x0000059c                setup_Address
 .text.get_resolution
                0x000005c0       0x4a ./src/BMX055.o
                0x000005c0                get_resolution
 .text.ItoA     0x0000060a       0x46 ./src/calc.o
                0x0000060a                ItoA
 .text.arithmetic_average
                0x00000650       0x8a ./src/calc.o
                0x00000650                arithmetic_average
 *fill*         0x000006da        0x2 00
 .text.crcInit  0x000006dc       0x3c ./src/crc.o
                0x000006dc                crcInit
 .text.CRC16    0x00000718       0x18 ./src/crc.o
                0x00000718                CRC16
 .text.selftest_Acc
                0x00000730      0x260 ./src/debug.o
                0x00000730                selftest_Acc
 .text.selftest_Gyro
                0x00000990       0x7a ./src/debug.o
                0x00000990                selftest_Gyro
 *fill*         0x00000a0a        0x2 00
 .text.selftest_Mag
                0x00000a0c       0xe0 ./src/debug.o
                0x00000a0c                selftest_Mag
 .text.send_hello
                0x00000aec       0x78 ./src/debug.o
                0x00000aec                send_hello
 .text.print_byte_setup
                0x00000b64       0x40 ./src/debug.o
                0x00000b64                print_byte_setup
 .text.showDeviceID
                0x00000ba4      0x124 ./src/debug.o
                0x00000ba4                showDeviceID
 .text.print_data_dec
                0x00000cc8      0x170 ./src/debug.o
                0x00000cc8                print_data_dec
 .text.delayfunc
                0x00000e38       0x14 ./src/delay.o
                0x00000e38                delayfunc
 .text.EMU_EnterEM1
                0x00000e4c       0x14 ./src/emu.o
                0x00000e4c                EMU_EnterEM1
 .text.SPI_Init
                0x00000e60       0x34 ./src/inits.o
                0x00000e60                SPI_Init
 .text.USART_Init
                0x00000e94       0x28 ./src/inits.o
                0x00000e94                USART_Init
 .text.GPIO_Init
                0x00000ebc       0x4c ./src/inits.o
                0x00000ebc                GPIO_Init
 .text.Timer_Init
                0x00000f08       0x1c ./src/inits.o
                0x00000f08                Timer_Init
 .text.WD_Init  0x00000f24       0x14 ./src/inits.o
                0x00000f24                WD_Init
 .text.Clocks_Init
                0x00000f38       0x70 ./src/inits.o
                0x00000f38                Clocks_Init
 .text.enable_interrupts
                0x00000fa8       0x3c ./src/irq.o
                0x00000fa8                enable_interrupts
 .text.USART0_RX_IRQHandler
                0x00000fe4       0x3c ./src/irq.o
                0x00000fe4                USART0_RX_IRQHandler
 .text.TIMER0_IRQHandler
                0x00001020       0x20 ./src/irq.o
                0x00001020                TIMER0_IRQHandler
 .text.TIMER1_IRQHandler
                0x00001040       0x14 ./src/irq.o
                0x00001040                TIMER1_IRQHandler
 .text.LoadData
                0x00001054       0x54 ./src/msc.o
                0x00001054                LoadData
 .text.LoadAddress
                0x000010a8       0x2c ./src/msc.o
                0x000010a8                LoadAddress
 .text.startup.main
                0x000010d4      0x3e0 ./src/sirka.o
                0x000010d4                main
 .text.CS_Pin_clr
                0x000014b4       0x28 ./src/spi.o
                0x000014b4                CS_Pin_clr
 .text.CS_Pin_set
                0x000014dc       0x28 ./src/spi.o
                0x000014dc                CS_Pin_set
 .text.SPI_WriteByte
                0x00001504       0x18 ./src/spi.o
                0x00001504                SPI_WriteByte
 .text.TIMER0_start
                0x0000151c        0xc ./src/timer.o
                0x0000151c                TIMER0_start
 .text.TIMER0_stop
                0x00001528       0x10 ./src/timer.o
                0x00001528                TIMER0_stop
 .text.TIMER0_intclear
                0x00001538        0xc ./src/timer.o
                0x00001538                TIMER0_intclear
 .text.TIMER1_start
                0x00001544        0xc ./src/timer.o
                0x00001544                TIMER1_start
 .text.TIMER1_intclear
                0x00001550        0xc ./src/timer.o
                0x00001550                TIMER1_intclear
 .text.print_byte
                0x0000155c       0x18 ./src/usart.o
                0x0000155c                print_byte
 .text.send_data
                0x00001574       0xd8 ./src/usart.o
                0x00001574                send_data
 .text.send_data_all
                0x0000164c      0x134 ./src/usart.o
                0x0000164c                send_data_all
 .text.send_resolution
                0x00001780       0x78 ./src/usart.o
                0x00001780                send_resolution
 .text.WDOG_Enable
                0x000017f8       0x18 ./src/watchdog.o
                0x000017f8                WDOG_Enable
 .text          0x00001810       0x78 ./CMSIS/efm32tg/startup_gcc_efm32tg.o
                0x00001810                Reset_Handler
                0x00001844                Default_Handler
                0x00001846                NMI_Handler
                0x00001848                HardFault_Handler
                0x0000184a                MemManage_Handler
                0x0000184c                BusFault_Handler
                0x0000184e                UsageFault_Handler
                0x00001850                SVC_Handler
                0x00001852                DebugMon_Handler
                0x00001854                PendSV_Handler
                0x00001856                SysTick_Handler
                0x00001858                DMA_IRQHandler
                0x0000185a                GPIO_EVEN_IRQHandler
                0x00001860                USART0_TX_IRQHandler
                0x00001862                ACMP0_IRQHandler
                0x00001864                ADC0_IRQHandler
                0x00001866                DAC0_IRQHandler
                0x00001868                I2C0_IRQHandler
                0x0000186a                GPIO_ODD_IRQHandler
                0x0000186e                USART1_RX_IRQHandler
                0x00001870                USART1_TX_IRQHandler
                0x00001872                LESENSE_IRQHandler
                0x00001874                LEUART0_IRQHandler
                0x00001876                LETIMER0_IRQHandler
                0x00001878                PCNT0_IRQHandler
                0x0000187a                RTC_IRQHandler
                0x0000187c                CMU_IRQHandler
                0x0000187e                VCMP_IRQHandler
                0x00001880                LCD_IRQHandler
                0x00001882                MSC_IRQHandler
                0x00001884                AES_IRQHandler
 .text.SystemInit
                0x00001888        0x2 ./CMSIS/efm32tg/system_efm32tg.o
                0x00001888                SystemInit
 *fill*         0x0000188a        0x2 00
 .text.__register_exitproc
                0x0000188c       0x14 c:/siliconlabs/simplicitystudio/v2/developer/toolchains/gnu_arm/4.7_2013q1/bin/../lib/gcc/arm-none-eabi/4.7.3/../../../../arm-none-eabi/lib/armv7-m\libc_s.a(lib_a-__atexit2.o)
                0x0000188c                __register_exitproc
 .text.exit     0x000018a0       0x2c c:/siliconlabs/simplicitystudio/v2/developer/toolchains/gnu_arm/4.7_2013q1/bin/../lib/gcc/arm-none-eabi/4.7.3/../../../../arm-none-eabi/lib/armv7-m\libc_s.a(lib_a-exit.o)
                0x000018a0                exit
 .text.__libc_fini_array
                0x000018cc       0x2c c:/siliconlabs/simplicitystudio/v2/developer/toolchains/gnu_arm/4.7_2013q1/bin/../lib/gcc/arm-none-eabi/4.7.3/../../../../arm-none-eabi/lib/armv7-m\libc_s.a(lib_a-fini.o)
                0x000018cc                __libc_fini_array
 .text.__libc_init_array
                0x000018f8       0x4c c:/siliconlabs/simplicitystudio/v2/developer/toolchains/gnu_arm/4.7_2013q1/bin/../lib/gcc/arm-none-eabi/4.7.3/../../../../arm-none-eabi/lib/armv7-m\libc_s.a(lib_a-init.o)
                0x000018f8                __libc_init_array
 .text.memset   0x00001944       0x10 c:/siliconlabs/simplicitystudio/v2/developer/toolchains/gnu_arm/4.7_2013q1/bin/../lib/gcc/arm-none-eabi/4.7.3/../../../../arm-none-eabi/lib/armv7-m\libc_s.a(lib_a-memset.o)
                0x00001944                memset
 .text._exit    0x00001954        0x4 c:/siliconlabs/simplicitystudio/v2/developer/toolchains/gnu_arm/4.7_2013q1/bin/../lib/gcc/arm-none-eabi/4.7.3/../../../../arm-none-eabi/lib/armv7-m\libnosys.a(_exit.o)
                0x00001954                _exit
 *(.init)
 .init          0x00001958        0x4 c:/siliconlabs/simplicitystudio/v2/developer/toolchains/gnu_arm/4.7_2013q1/bin/../lib/gcc/arm-none-eabi/4.7.3/armv7-m/crti.o
                0x00001958                _init
 .init          0x0000195c        0x8 c:/siliconlabs/simplicitystudio/v2/developer/toolchains/gnu_arm/4.7_2013q1/bin/../lib/gcc/arm-none-eabi/4.7.3/armv7-m/crtn.o
 *(.fini)
 .fini          0x00001964        0x4 c:/siliconlabs/simplicitystudio/v2/developer/toolchains/gnu_arm/4.7_2013q1/bin/../lib/gcc/arm-none-eabi/4.7.3/armv7-m/crti.o
                0x00001964                _fini
 .fini          0x00001968        0x8 c:/siliconlabs/simplicitystudio/v2/developer/toolchains/gnu_arm/4.7_2013q1/bin/../lib/gcc/arm-none-eabi/4.7.3/armv7-m/crtn.o
 .fini.stub     0x00001970       0x20 linker stubs
 *crtbegin.o(.ctors)
 *crtbegin?.o(.ctors)
 *(EXCLUDE_FILE(*crtend.o *crtend?.o) .ctors)
 *(SORT(.ctors.*))
 *(.ctors)
 *crtbegin.o(.dtors)
 *crtbegin?.o(.dtors)
 *(EXCLUDE_FILE(*crtend.o *crtend?.o) .dtors)
 *(SORT(.dtors.*))
 *(.dtors)
 *(.rodata*)
 .rodata.str1.1
                0x00001990       0x67 ./src/debug.o
 .rodata.str1.1
                0x000019f7        0x2 c:/siliconlabs/simplicitystudio/v2/developer/toolchains/gnu_arm/4.7_2013q1/bin/../lib/gcc/arm-none-eabi/4.7.3/../../../../arm-none-eabi/lib/armv7-m\libc_s.a(lib_a-impure.o)
 *fill*         0x000019f9        0x3 00
 .rodata._global_impure_ptr
                0x000019fc        0x4 c:/siliconlabs/simplicitystudio/v2/developer/toolchains/gnu_arm/4.7_2013q1/bin/../lib/gcc/arm-none-eabi/4.7.3/../../../../arm-none-eabi/lib/armv7-m\libc_s.a(lib_a-impure.o)
                0x000019fc                _global_impure_ptr
 *(.eh_frame*)
 .eh_frame      0x00001a00        0x0 c:/siliconlabs/simplicitystudio/v2/developer/toolchains/gnu_arm/4.7_2013q1/bin/../lib/gcc/arm-none-eabi/4.7.3/armv7-m/crtbegin.o
 .eh_frame      0x00001a00        0x4 c:/siliconlabs/simplicitystudio/v2/developer/toolchains/gnu_arm/4.7_2013q1/bin/../lib/gcc/arm-none-eabi/4.7.3/armv7-m/crtend.o

.glue_7         0x00001a04        0x0
 .glue_7        0x00000000        0x0 linker stubs

.glue_7t        0x00001a04        0x0
 .glue_7t       0x00000000        0x0 linker stubs

.vfp11_veneer   0x00001a04        0x0
 .vfp11_veneer  0x00000000        0x0 linker stubs

.v4_bx          0x00001a04        0x0
 .v4_bx         0x00000000        0x0 linker stubs

.iplt           0x00001a04        0x0
 .iplt          0x00000000        0x0 c:/siliconlabs/simplicitystudio/v2/developer/toolchains/gnu_arm/4.7_2013q1/bin/../lib/gcc/arm-none-eabi/4.7.3/armv7-m/crtbegin.o

.ARM.extab
 *(.ARM.extab* .gnu.linkonce.armextab.*)
                0x00001a04                __exidx_start = .

.ARM.exidx      0x00001a04        0x8
 *(.ARM.exidx* .gnu.linkonce.armexidx.*)
 .ARM.exidx     0x00001a04        0x8 c:/siliconlabs/simplicitystudio/v2/developer/toolchains/gnu_arm/4.7_2013q1/bin/../lib/gcc/arm-none-eabi/4.7.3/../../../../arm-none-eabi/lib/armv7-m/crt0.o
                0x00001a0c                __exidx_end = .
                0x00001a0c                __etext = .

.rel.dyn        0x00001a0c        0x0
 .rel.iplt      0x00000000        0x0 c:/siliconlabs/simplicitystudio/v2/developer/toolchains/gnu_arm/4.7_2013q1/bin/../lib/gcc/arm-none-eabi/4.7.3/armv7-m/crtbegin.o

.data           0x20000000      0x3b0 load address 0x00001a0c
                0x20000000                __data_start__ = .
 *(vtable)
 *(.data*)
 .data.Z        0x20000000        0x1 ./src/BMX055.o
                0x20000000                Z
 .data.XY       0x20000001        0x1 ./src/BMX055.o
                0x20000001                XY
 .data.CRC16_Table
                0x20000002      0x200 ./src/crc.o
                0x20000002                CRC16_Table
 .data.print_byte_array
                0x20000202        0x4 ./src/debug.o
                0x20000202                print_byte_array
 *fill*         0x20000206        0x2 00
 .data.gyro_res
                0x20000208        0x4 ./src/sirka.o
                0x20000208                gyro_res
 .data.boot_save
                0x2000020c        0x2 ./src/sirka.o
                0x2000020c                boot_save
 *fill*         0x2000020e        0x2 00
 .data.fw_check
                0x20000210        0x4 ./src/sirka.o
                0x20000210                fw_check
 .data.received_frame
                0x20000214       0x1e ./src/sirka.o
                0x20000214                received_frame
 *fill*         0x20000232        0x2 00
 .data.file_size
                0x20000234        0x4 ./src/sirka.o
                0x20000234                file_size
 .data.mag_res  0x20000238        0x4 ./src/sirka.o
                0x20000238                mag_res
 .data.acc_res  0x2000023c        0x4 ./src/sirka.o
                0x2000023c                acc_res
 .data.crc_pack
                0x20000240        0x4 ./src/sirka.o
                0x20000240                crc_pack
 .data.sirka_save
                0x20000244        0x2 ./src/sirka.o
                0x20000244                sirka_save
 *fill*         0x20000246        0x2 00
 .data.address  0x20000248        0x4 ./src/sirka.o
                0x20000248                address
 .data.impure_data
                0x2000024c       0x64 c:/siliconlabs/simplicitystudio/v2/developer/toolchains/gnu_arm/4.7_2013q1/bin/../lib/gcc/arm-none-eabi/4.7.3/../../../../arm-none-eabi/lib/armv7-m\libc_s.a(lib_a-impure.o)
                0x200002b0                . = ALIGN (0x4)
 *(.ram)
 .ram           0x200002b0       0xd4 ./src/msc.o
                0x200002b0                ErasePage
                0x20000320                WriteWord
 *fill*         0x20000384        0x4 00
 .ram.stub      0x20000388       0x20 linker stubs
                0x200003a8                . = ALIGN (0x4)
                0x200003a8                PROVIDE (__preinit_array_start, .)
 *(.preinit_array)
                0x200003a8                PROVIDE (__preinit_array_end, .)
                0x200003a8                . = ALIGN (0x4)
                0x200003a8                PROVIDE (__init_array_start, .)
 *(SORT(.init_array.*))
 *(.init_array)
 .init_array    0x200003a8        0x4 c:/siliconlabs/simplicitystudio/v2/developer/toolchains/gnu_arm/4.7_2013q1/bin/../lib/gcc/arm-none-eabi/4.7.3/armv7-m/crtbegin.o
                0x200003ac                PROVIDE (__init_array_end, .)
                0x200003ac                . = ALIGN (0x4)
                0x200003ac                PROVIDE (__fini_array_start, .)
 *(SORT(.fini_array.*))
 *(.fini_array)
 .fini_array    0x200003ac        0x4 c:/siliconlabs/simplicitystudio/v2/developer/toolchains/gnu_arm/4.7_2013q1/bin/../lib/gcc/arm-none-eabi/4.7.3/armv7-m/crtbegin.o
                0x200003b0                PROVIDE (__fini_array_end, .)
                0x200003b0                . = ALIGN (0x4)
                0x200003b0                __data_end__ = .

.jcr            0x200003b0        0x0 load address 0x00001dbc
 .jcr           0x200003b0        0x0 c:/siliconlabs/simplicitystudio/v2/developer/toolchains/gnu_arm/4.7_2013q1/bin/../lib/gcc/arm-none-eabi/4.7.3/armv7-m/crtbegin.o

.igot.plt       0x200003b0        0x0 load address 0x00001dbc
 .igot.plt      0x00000000        0x0 c:/siliconlabs/simplicitystudio/v2/developer/toolchains/gnu_arm/4.7_2013q1/bin/../lib/gcc/arm-none-eabi/4.7.3/armv7-m/crtbegin.o

.bss            0x200003b0      0x24c load address 0x00001dbc
                0x200003b0                __bss_start__ = .
 *(.bss*)
 .bss           0x200003b0       0x1c c:/siliconlabs/simplicitystudio/v2/developer/toolchains/gnu_arm/4.7_2013q1/bin/../lib/gcc/arm-none-eabi/4.7.3/armv7-m/crtbegin.o
 .bss.bcid      0x200003cc        0x1 ./src/sirka.o
                0x200003cc                bcid
 .bss.settings_acc
                0x200003cd        0x1 ./src/sirka.o
                0x200003cd                settings_acc
 .bss.sirka_config
                0x200003ce        0x8 ./src/sirka.o
                0x200003ce                sirka_config
 .bss.gyrodata  0x200003d6        0x6 ./src/sirka.o
                0x200003d6                gyrodata
 .bss.magdata   0x200003dc        0x8 ./src/sirka.o
                0x200003dc                magdata
 .bss.accdata   0x200003e4        0x6 ./src/sirka.o
                0x200003e4                accdata
 *fill*         0x200003ea        0x2 00
 .bss.systime   0x200003ec        0x4 ./src/sirka.o
                0x200003ec                systime
 .bss.resolution
                0x200003f0        0x2 ./src/sirka.o
                0x200003f0                resolution
 .bss.frame_position
                0x200003f2        0x2 ./src/sirka.o
                0x200003f2                frame_position
 .bss.boot_config
                0x200003f4        0x8 ./src/sirka.o
                0x200003f4                boot_config
 *(COMMON)
 COMMON         0x200003fc      0x200 ./src/crc.o
                0x200003fc                crcTable
                0x200005fc                __bss_end__ = .

.heap           0x20000600        0x0
                0x20000600                __end__ = .
                0x20000600                end = __end__
                0x20000600                _end = __end__
 *(.heap*)
 .heap          0x20000600        0x0 ./CMSIS/efm32tg/startup_gcc_efm32tg.o
                0x20000600                __HeapLimit = .

.stack_dummy    0x20000600      0x400
 *(.stack)
 .stack         0x20000600      0x400 ./CMSIS/efm32tg/startup_gcc_efm32tg.o
                0x20001000                __StackTop = (ORIGIN (RAM) + 0x1000)
                0x20000c00                __StackLimit = (__StackTop - SIZEOF (.stack_dummy))
                0x20001000                PROVIDE (__stack, __StackTop)
                0x00000001                ASSERT ((__StackLimit >= __HeapLimit), region RAM overflowed with stack)
OUTPUT(SIRKA_EFM32TG110_DRA.axf elf32-littlearm)

.ARM.attributes
                0x00000000       0x29
 .ARM.attributes
                0x00000000       0x1d c:/siliconlabs/simplicitystudio/v2/developer/toolchains/gnu_arm/4.7_2013q1/bin/../lib/gcc/arm-none-eabi/4.7.3/armv7-m/crti.o
 .ARM.attributes
                0x0000001d       0x2d c:/siliconlabs/simplicitystudio/v2/developer/toolchains/gnu_arm/4.7_2013q1/bin/../lib/gcc/arm-none-eabi/4.7.3/armv7-m/crtbegin.o
 .ARM.attributes
                0x0000004a       0x1b c:/siliconlabs/simplicitystudio/v2/developer/toolchains/gnu_arm/4.7_2013q1/bin/../lib/gcc/arm-none-eabi/4.7.3/../../../../arm-none-eabi/lib/armv7-m/crt0.o
 .ARM.attributes
                0x00000065       0x33 ./src/BMX055.o
 .ARM.attributes
                0x00000098       0x33 ./src/calc.o
 .ARM.attributes
                0x000000cb       0x33 ./src/crc.o
 .ARM.attributes
                0x000000fe       0x33 ./src/debug.o
 .ARM.attributes
                0x00000131       0x33 ./src/delay.o
 .ARM.attributes
                0x00000164       0x33 ./src/emu.o
 .ARM.attributes
                0x00000197       0x33 ./src/inits.o
 .ARM.attributes
                0x000001ca       0x33 ./src/irq.o
 .ARM.attributes
                0x000001fd       0x33 ./src/msc.o
 .ARM.attributes
                0x00000230       0x33 ./src/sirka.o
 .ARM.attributes
                0x00000263       0x33 ./src/spi.o
 .ARM.attributes
                0x00000296       0x33 ./src/timer.o
 .ARM.attributes
                0x000002c9       0x33 ./src/usart.o
 .ARM.attributes
                0x000002fc       0x33 ./src/watchdog.o
 .ARM.attributes
                0x0000032f       0x1b ./CMSIS/efm32tg/startup_gcc_efm32tg.o
 .ARM.attributes
                0x0000034a       0x33 ./CMSIS/efm32tg/system_efm32tg.o
 .ARM.attributes
                0x0000037d       0x2d c:/siliconlabs/simplicitystudio/v2/developer/toolchains/gnu_arm/4.7_2013q1/bin/../lib/gcc/arm-none-eabi/4.7.3/../../../../arm-none-eabi/lib/armv7-m\libc_s.a(lib_a-__atexit2.o)
 .ARM.attributes
                0x000003aa       0x2d c:/siliconlabs/simplicitystudio/v2/developer/toolchains/gnu_arm/4.7_2013q1/bin/../lib/gcc/arm-none-eabi/4.7.3/../../../../arm-none-eabi/lib/armv7-m\libc_s.a(lib_a-exit.o)
 .ARM.attributes
                0x000003d7       0x2d c:/siliconlabs/simplicitystudio/v2/developer/toolchains/gnu_arm/4.7_2013q1/bin/../lib/gcc/arm-none-eabi/4.7.3/../../../../arm-none-eabi/lib/armv7-m\libc_s.a(lib_a-fini.o)
 .ARM.attributes
                0x00000404       0x2d c:/siliconlabs/simplicitystudio/v2/developer/toolchains/gnu_arm/4.7_2013q1/bin/../lib/gcc/arm-none-eabi/4.7.3/../../../../arm-none-eabi/lib/armv7-m\libc_s.a(lib_a-impure.o)
 .ARM.attributes
                0x00000431       0x2d c:/siliconlabs/simplicitystudio/v2/developer/toolchains/gnu_arm/4.7_2013q1/bin/../lib/gcc/arm-none-eabi/4.7.3/../../../../arm-none-eabi/lib/armv7-m\libc_s.a(lib_a-init.o)
 .ARM.attributes
                0x0000045e       0x2d c:/siliconlabs/simplicitystudio/v2/developer/toolchains/gnu_arm/4.7_2013q1/bin/../lib/gcc/arm-none-eabi/4.7.3/../../../../arm-none-eabi/lib/armv7-m\libc_s.a(lib_a-memset.o)
 .ARM.attributes
                0x0000048b       0x2d c:/siliconlabs/simplicitystudio/v2/developer/toolchains/gnu_arm/4.7_2013q1/bin/../lib/gcc/arm-none-eabi/4.7.3/../../../../arm-none-eabi/lib/armv7-m\libnosys.a(_exit.o)
 .ARM.attributes
                0x000004b8       0x2d c:/siliconlabs/simplicitystudio/v2/developer/toolchains/gnu_arm/4.7_2013q1/bin/../lib/gcc/arm-none-eabi/4.7.3/armv7-m/crtend.o
 .ARM.attributes
                0x000004e5       0x1d c:/siliconlabs/simplicitystudio/v2/developer/toolchains/gnu_arm/4.7_2013q1/bin/../lib/gcc/arm-none-eabi/4.7.3/armv7-m/crtn.o

.comment        0x00000000       0x70
 .comment       0x00000000       0x70 ./src/BMX055.o
                                 0x71 (size before relaxing)
 .comment       0x00000000       0x71 ./src/calc.o
 .comment       0x00000000       0x71 ./src/crc.o
 .comment       0x00000000       0x71 ./src/debug.o
 .comment       0x00000000       0x71 ./src/delay.o
 .comment       0x00000000       0x71 ./src/emu.o
 .comment       0x00000000       0x71 ./src/inits.o
 .comment       0x00000000       0x71 ./src/irq.o
 .comment       0x00000000       0x71 ./src/msc.o
 .comment       0x00000000       0x71 ./src/sirka.o
 .comment       0x00000000       0x71 ./src/spi.o
 .comment       0x00000000       0x71 ./src/timer.o
 .comment       0x00000000       0x71 ./src/usart.o
 .comment       0x00000000       0x71 ./src/watchdog.o
 .comment       0x00000000       0x71 ./CMSIS/efm32tg/system_efm32tg.o

.debug_info     0x00000000     0x6349
 .debug_info    0x00000000      0xd08 ./src/BMX055.o
 .debug_info    0x00000d08      0x1de ./src/calc.o
 .debug_info    0x00000ee6      0x14e ./src/crc.o
 .debug_info    0x00001034     0x182c ./src/debug.o
 .debug_info    0x00002860      0x250 ./src/delay.o
 .debug_info    0x00002ab0      0x29d ./src/emu.o
 .debug_info    0x00002d4d      0xac5 ./src/inits.o
 .debug_info    0x00003812      0x712 ./src/irq.o
 .debug_info    0x00003f24      0x397 ./src/msc.o
 .debug_info    0x000042bb      0x905 ./src/sirka.o
 .debug_info    0x00004bc0      0x5ca ./src/spi.o
 .debug_info    0x0000518a      0x25c ./src/timer.o
 .debug_info    0x000053e6      0x7a0 ./src/usart.o
 .debug_info    0x00005b86      0x1a4 ./src/watchdog.o
 .debug_info    0x00005d2a       0x99 ./CMSIS/efm32tg/startup_gcc_efm32tg.o
 .debug_info    0x00005dc3      0x586 ./CMSIS/efm32tg/system_efm32tg.o

.debug_abbrev   0x00000000     0x1391
 .debug_abbrev  0x00000000      0x1be ./src/BMX055.o
 .debug_abbrev  0x000001be       0xd7 ./src/calc.o
 .debug_abbrev  0x00000295       0xd7 ./src/crc.o
 .debug_abbrev  0x0000036c      0x22f ./src/debug.o
 .debug_abbrev  0x0000059b       0xbc ./src/delay.o
 .debug_abbrev  0x00000657       0xda ./src/emu.o
 .debug_abbrev  0x00000731       0xf2 ./src/inits.o
 .debug_abbrev  0x00000823      0x1bc ./src/irq.o
 .debug_abbrev  0x000009df      0x157 ./src/msc.o
 .debug_abbrev  0x00000b36      0x18c ./src/sirka.o
 .debug_abbrev  0x00000cc2      0x151 ./src/spi.o
 .debug_abbrev  0x00000e13       0xad ./src/timer.o
 .debug_abbrev  0x00000ec0      0x198 ./src/usart.o
 .debug_abbrev  0x00001058      0x141 ./src/watchdog.o
 .debug_abbrev  0x00001199       0x14 ./CMSIS/efm32tg/startup_gcc_efm32tg.o
 .debug_abbrev  0x000011ad      0x1e4 ./CMSIS/efm32tg/system_efm32tg.o

.debug_loc      0x00000000     0x1896
 .debug_loc     0x00000000      0x493 ./src/BMX055.o
 .debug_loc     0x00000493      0x1ce ./src/calc.o
 .debug_loc     0x00000661       0xa2 ./src/crc.o
 .debug_loc     0x00000703      0x719 ./src/debug.o
 .debug_loc     0x00000e1c       0x60 ./src/irq.o
 .debug_loc     0x00000e7c      0x284 ./src/msc.o
 .debug_loc     0x00001100       0xb2 ./src/sirka.o
 .debug_loc     0x000011b2      0x169 ./src/spi.o
 .debug_loc     0x0000131b      0x493 ./src/usart.o
 .debug_loc     0x000017ae       0xe8 ./CMSIS/efm32tg/system_efm32tg.o

.debug_aranges  0x00000000      0x388
 .debug_aranges
                0x00000000       0x68 ./src/BMX055.o
 .debug_aranges
                0x00000068       0x28 ./src/calc.o
 .debug_aranges
                0x00000090       0x28 ./src/crc.o
 .debug_aranges
                0x000000b8       0x60 ./src/debug.o
 .debug_aranges
                0x00000118       0x20 ./src/delay.o
 .debug_aranges
                0x00000138       0x20 ./src/emu.o
 .debug_aranges
                0x00000158       0x48 ./src/inits.o
 .debug_aranges
                0x000001a0       0x38 ./src/irq.o
 .debug_aranges
                0x000001d8       0x38 ./src/msc.o
 .debug_aranges
                0x00000210       0x20 ./src/sirka.o
 .debug_aranges
                0x00000230       0x30 ./src/spi.o
 .debug_aranges
                0x00000260       0x48 ./src/timer.o
 .debug_aranges
                0x000002a8       0x38 ./src/usart.o
 .debug_aranges
                0x000002e0       0x28 ./src/watchdog.o
 .debug_aranges
                0x00000308       0x20 ./CMSIS/efm32tg/startup_gcc_efm32tg.o
 .debug_aranges
                0x00000328       0x60 ./CMSIS/efm32tg/system_efm32tg.o

.debug_ranges   0x00000000      0x380
 .debug_ranges  0x00000000       0x58 ./src/BMX055.o
 .debug_ranges  0x00000058       0x18 ./src/calc.o
 .debug_ranges  0x00000070       0x18 ./src/crc.o
 .debug_ranges  0x00000088       0x50 ./src/debug.o
 .debug_ranges  0x000000d8       0x10 ./src/delay.o
 .debug_ranges  0x000000e8       0x10 ./src/emu.o
 .debug_ranges  0x000000f8       0x38 ./src/inits.o
 .debug_ranges  0x00000130       0x58 ./src/irq.o
 .debug_ranges  0x00000188       0x28 ./src/msc.o
 .debug_ranges  0x000001b0       0x10 ./src/sirka.o
 .debug_ranges  0x000001c0       0x20 ./src/spi.o
 .debug_ranges  0x000001e0       0x38 ./src/timer.o
 .debug_ranges  0x00000218       0xd0 ./src/usart.o
 .debug_ranges  0x000002e8       0x18 ./src/watchdog.o
 .debug_ranges  0x00000300       0x80 ./CMSIS/efm32tg/system_efm32tg.o

.debug_line     0x00000000     0x261f
 .debug_line    0x00000000      0x30a ./src/BMX055.o
 .debug_line    0x0000030a      0x1de ./src/calc.o
 .debug_line    0x000004e8       0xff ./src/crc.o
 .debug_line    0x000005e7      0x59a ./src/debug.o
 .debug_line    0x00000b81      0x138 ./src/delay.o
 .debug_line    0x00000cb9      0x148 ./src/emu.o
 .debug_line    0x00000e01      0x2f1 ./src/inits.o
 .debug_line    0x000010f2      0x27c ./src/irq.o
 .debug_line    0x0000136e      0x276 ./src/msc.o
 .debug_line    0x000015e4      0x302 ./src/sirka.o
 .debug_line    0x000018e6      0x2a1 ./src/spi.o
 .debug_line    0x00001b87      0x234 ./src/timer.o
 .debug_line    0x00001dbb      0x32b ./src/usart.o
 .debug_line    0x000020e6      0x1e3 ./src/watchdog.o
 .debug_line    0x000022c9       0x8f ./CMSIS/efm32tg/startup_gcc_efm32tg.o
 .debug_line    0x00002358      0x2c7 ./CMSIS/efm32tg/system_efm32tg.o

.debug_str      0x00000000      0xf2e
 .debug_str     0x00000000      0x26e ./src/BMX055.o
                                0x2be (size before relaxing)
 .debug_str     0x0000026e       0x3d ./src/calc.o
                                0x1be (size before relaxing)
 .debug_str     0x000002ab       0x43 ./src/crc.o
                                0x179 (size before relaxing)
 .debug_str     0x000002ee      0x1f8 ./src/debug.o
                                0x3c5 (size before relaxing)
 .debug_str     0x000004e6       0xbd ./src/delay.o
                                0x214 (size before relaxing)
 .debug_str     0x000005a3       0x74 ./src/emu.o
                                0x1c4 (size before relaxing)
 .debug_str     0x00000617      0x235 ./src/inits.o
                                0x50f (size before relaxing)
 .debug_str     0x0000084c      0x29c ./src/irq.o
                                0x4f6 (size before relaxing)
 .debug_str     0x00000ae8       0x85 ./src/msc.o
                                0x26d (size before relaxing)
 .debug_str     0x00000b6d      0x135 ./src/sirka.o
                                0x40f (size before relaxing)
 .debug_str     0x00000ca2       0x87 ./src/spi.o
                                0x340 (size before relaxing)
 .debug_str     0x00000d29       0x1b ./src/timer.o
                                0x1e9 (size before relaxing)
 .debug_str     0x00000d44       0x26 ./src/usart.o
                                0x338 (size before relaxing)
 .debug_str     0x00000d6a       0x3b ./src/watchdog.o
                                0x1a6 (size before relaxing)
 .debug_str     0x00000da5      0x189 ./CMSIS/efm32tg/system_efm32tg.o
                                0x3f7 (size before relaxing)

.debug_frame    0x00000000      0x758
 .debug_frame   0x00000000      0x128 ./src/BMX055.o
 .debug_frame   0x00000128       0x50 ./src/calc.o
 .debug_frame   0x00000178       0x30 ./src/crc.o
 .debug_frame   0x000001a8      0x110 ./src/debug.o
 .debug_frame   0x000002b8       0x20 ./src/delay.o
 .debug_frame   0x000002d8       0x20 ./src/emu.o
 .debug_frame   0x000002f8       0x70 ./src/inits.o
 .debug_frame   0x00000368       0x68 ./src/irq.o
 .debug_frame   0x000003d0       0x6c ./src/msc.o
 .debug_frame   0x0000043c       0x34 ./src/sirka.o
 .debug_frame   0x00000470       0x40 ./src/spi.o
 .debug_frame   0x000004b0       0x70 ./src/timer.o
 .debug_frame   0x00000520       0x78 ./src/usart.o
 .debug_frame   0x00000598       0x30 ./src/watchdog.o
 .debug_frame   0x000005c8       0xa8 ./CMSIS/efm32tg/system_efm32tg.o
 .debug_frame   0x00000670       0x28 c:/siliconlabs/simplicitystudio/v2/developer/toolchains/gnu_arm/4.7_2013q1/bin/../lib/gcc/arm-none-eabi/4.7.3/../../../../arm-none-eabi/lib/armv7-m\libc_s.a(lib_a-__atexit2.o)
 .debug_frame   0x00000698       0x28 c:/siliconlabs/simplicitystudio/v2/developer/toolchains/gnu_arm/4.7_2013q1/bin/../lib/gcc/arm-none-eabi/4.7.3/../../../../arm-none-eabi/lib/armv7-m\libc_s.a(lib_a-exit.o)
 .debug_frame   0x000006c0       0x2c c:/siliconlabs/simplicitystudio/v2/developer/toolchains/gnu_arm/4.7_2013q1/bin/../lib/gcc/arm-none-eabi/4.7.3/../../../../arm-none-eabi/lib/armv7-m\libc_s.a(lib_a-fini.o)
 .debug_frame   0x000006ec       0x2c c:/siliconlabs/simplicitystudio/v2/developer/toolchains/gnu_arm/4.7_2013q1/bin/../lib/gcc/arm-none-eabi/4.7.3/../../../../arm-none-eabi/lib/armv7-m\libc_s.a(lib_a-init.o)
 .debug_frame   0x00000718       0x20 c:/siliconlabs/simplicitystudio/v2/developer/toolchains/gnu_arm/4.7_2013q1/bin/../lib/gcc/arm-none-eabi/4.7.3/../../../../arm-none-eabi/lib/armv7-m\libc_s.a(lib_a-memset.o)
 .debug_frame   0x00000738       0x20 c:/siliconlabs/simplicitystudio/v2/developer/toolchains/gnu_arm/4.7_2013q1/bin/../lib/gcc/arm-none-eabi/4.7.3/../../../../arm-none-eabi/lib/armv7-m\libnosys.a(_exit.o)
