Archive member included because of file (symbol)

c:/siliconlabs/simplicitystudio/v2/developer/toolchains/gnu_arm/4.7_2013q1/bin/../lib/gcc/arm-none-eabi/4.7.3/../../../../arm-none-eabi/lib/armv7-m\libc_s.a(lib_a-__atexit2.o)
                              c:/siliconlabs/simplicitystudio/v2/developer/toolchains/gnu_arm/4.7_2013q1/bin/../lib/gcc/arm-none-eabi/4.7.3/../../../../arm-none-eabi/lib/armv7-m/crt0.o (__register_exitproc)
c:/siliconlabs/simplicitystudio/v2/developer/toolchains/gnu_arm/4.7_2013q1/bin/../lib/gcc/arm-none-eabi/4.7.3/../../../../arm-none-eabi/lib/armv7-m\libc_s.a(lib_a-exit.o)
                              c:/siliconlabs/simplicitystudio/v2/developer/toolchains/gnu_arm/4.7_2013q1/bin/../lib/gcc/arm-none-eabi/4.7.3/../../../../arm-none-eabi/lib/armv7-m/crt0.o (exit)
c:/siliconlabs/simplicitystudio/v2/developer/toolchains/gnu_arm/4.7_2013q1/bin/../lib/gcc/arm-none-eabi/4.7.3/../../../../arm-none-eabi/lib/armv7-m\libc_s.a(lib_a-fini.o)
                              c:/siliconlabs/simplicitystudio/v2/developer/toolchains/gnu_arm/4.7_2013q1/bin/../lib/gcc/arm-none-eabi/4.7.3/../../../../arm-none-eabi/lib/armv7-m/crt0.o (__libc_fini_array)
c:/siliconlabs/simplicitystudio/v2/developer/toolchains/gnu_arm/4.7_2013q1/bin/../lib/gcc/arm-none-eabi/4.7.3/../../../../arm-none-eabi/lib/armv7-m\libc_s.a(lib_a-impure.o)
                              c:/siliconlabs/simplicitystudio/v2/developer/toolchains/gnu_arm/4.7_2013q1/bin/../lib/gcc/arm-none-eabi/4.7.3/../../../../arm-none-eabi/lib/armv7-m\libc_s.a(lib_a-exit.o) (_global_impure_ptr)
c:/siliconlabs/simplicitystudio/v2/developer/toolchains/gnu_arm/4.7_2013q1/bin/../lib/gcc/arm-none-eabi/4.7.3/../../../../arm-none-eabi/lib/armv7-m\libc_s.a(lib_a-init.o)
                              c:/siliconlabs/simplicitystudio/v2/developer/toolchains/gnu_arm/4.7_2013q1/bin/../lib/gcc/arm-none-eabi/4.7.3/../../../../arm-none-eabi/lib/armv7-m/crt0.o (__libc_init_array)
c:/siliconlabs/simplicitystudio/v2/developer/toolchains/gnu_arm/4.7_2013q1/bin/../lib/gcc/arm-none-eabi/4.7.3/../../../../arm-none-eabi/lib/armv7-m\libc_s.a(lib_a-memset.o)
                              c:/siliconlabs/simplicitystudio/v2/developer/toolchains/gnu_arm/4.7_2013q1/bin/../lib/gcc/arm-none-eabi/4.7.3/../../../../arm-none-eabi/lib/armv7-m/crt0.o (memset)
c:/siliconlabs/simplicitystudio/v2/developer/toolchains/gnu_arm/4.7_2013q1/bin/../lib/gcc/arm-none-eabi/4.7.3/../../../../arm-none-eabi/lib/armv7-m\libnosys.a(_exit.o)
                              c:/siliconlabs/simplicitystudio/v2/developer/toolchains/gnu_arm/4.7_2013q1/bin/../lib/gcc/arm-none-eabi/4.7.3/../../../../arm-none-eabi/lib/armv7-m\libc_s.a(lib_a-exit.o) (_exit)

Allocating common symbols
Common symbol       size              file

SystemCoreClock     0x4               ./CMSIS/efm32tg/system_efm32tg.o
crcTable            0x200             ./src/crc.o
config              0x10              ./src/sirka.o

Discarded input sections

 .text          0x00000000        0x0 c:/siliconlabs/simplicitystudio/v2/developer/toolchains/gnu_arm/4.7_2013q1/bin/../lib/gcc/arm-none-eabi/4.7.3/armv7-m/crti.o
 .data          0x00000000        0x0 c:/siliconlabs/simplicitystudio/v2/developer/toolchains/gnu_arm/4.7_2013q1/bin/../lib/gcc/arm-none-eabi/4.7.3/armv7-m/crti.o
 .bss           0x00000000        0x0 c:/siliconlabs/simplicitystudio/v2/developer/toolchains/gnu_arm/4.7_2013q1/bin/../lib/gcc/arm-none-eabi/4.7.3/armv7-m/crti.o
 .data          0x00000000        0x4 c:/siliconlabs/simplicitystudio/v2/developer/toolchains/gnu_arm/4.7_2013q1/bin/../lib/gcc/arm-none-eabi/4.7.3/armv7-m/crtbegin.o
 .data          0x00000000        0x0 c:/siliconlabs/simplicitystudio/v2/developer/toolchains/gnu_arm/4.7_2013q1/bin/../lib/gcc/arm-none-eabi/4.7.3/../../../../arm-none-eabi/lib/armv7-m/crt0.o
 .bss           0x00000000        0x0 c:/siliconlabs/simplicitystudio/v2/developer/toolchains/gnu_arm/4.7_2013q1/bin/../lib/gcc/arm-none-eabi/4.7.3/../../../../arm-none-eabi/lib/armv7-m/crt0.o
 .ARM.extab     0x00000000        0x0 c:/siliconlabs/simplicitystudio/v2/developer/toolchains/gnu_arm/4.7_2013q1/bin/../lib/gcc/arm-none-eabi/4.7.3/../../../../arm-none-eabi/lib/armv7-m/crt0.o
 .text          0x00000000        0x0 ./src/BMX055.o
 .data          0x00000000        0x0 ./src/BMX055.o
 .bss           0x00000000        0x0 ./src/BMX055.o
 .text          0x00000000        0x0 ./src/calc.o
 .data          0x00000000        0x0 ./src/calc.o
 .bss           0x00000000        0x0 ./src/calc.o
 .text          0x00000000        0x0 ./src/crc.o
 .data          0x00000000        0x0 ./src/crc.o
 .bss           0x00000000        0x0 ./src/crc.o
 .text          0x00000000        0x0 ./src/debug.o
 .data          0x00000000        0x0 ./src/debug.o
 .bss           0x00000000        0x0 ./src/debug.o
 .text.advanced_selftest_mag
                0x00000000       0xfc ./src/debug.o
 .text.print_data
                0x00000000      0x150 ./src/debug.o
 .text          0x00000000        0x0 ./src/delay.o
 .data          0x00000000        0x0 ./src/delay.o
 .bss           0x00000000        0x0 ./src/delay.o
 .text          0x00000000        0x0 ./src/emu.o
 .data          0x00000000        0x0 ./src/emu.o
 .bss           0x00000000        0x0 ./src/emu.o
 .text          0x00000000        0x0 ./src/inits.o
 .data          0x00000000        0x0 ./src/inits.o
 .bss           0x00000000        0x0 ./src/inits.o
 .text          0x00000000        0x0 ./src/irq.o
 .data          0x00000000        0x0 ./src/irq.o
 .bss           0x00000000        0x0 ./src/irq.o
 .text          0x00000000        0x0 ./src/msc.o
 .data          0x00000000        0x0 ./src/msc.o
 .bss           0x00000000        0x0 ./src/msc.o
 .text          0x00000000        0x0 ./src/sirka.o
 .data          0x00000000        0x0 ./src/sirka.o
 .bss           0x00000000        0x0 ./src/sirka.o
 .data.boot_flag
                0x00000000        0x4 ./src/sirka.o
 .text          0x00000000        0x0 ./src/spi.o
 .data          0x00000000        0x0 ./src/spi.o
 .bss           0x00000000        0x0 ./src/spi.o
 .text          0x00000000        0x0 ./src/timer.o
 .data          0x00000000        0x0 ./src/timer.o
 .bss           0x00000000        0x0 ./src/timer.o
 .text          0x00000000        0x0 ./src/usart.o
 .data          0x00000000        0x0 ./src/usart.o
 .bss           0x00000000        0x0 ./src/usart.o
 .text          0x00000000        0x0 ./src/watchdog.o
 .data          0x00000000        0x0 ./src/watchdog.o
 .bss           0x00000000        0x0 ./src/watchdog.o
 .text.WDOG_Feed
                0x00000000       0x20 ./src/watchdog.o
 .text          0x00000000        0x0 ./emlib/em_gpio.o
 .data          0x00000000        0x0 ./emlib/em_gpio.o
 .bss           0x00000000        0x0 ./emlib/em_gpio.o
 .text.GPIO_DbgLocationSet
                0x00000000       0x18 ./emlib/em_gpio.o
 .text.GPIO_DriveModeSet
                0x00000000       0x18 ./emlib/em_gpio.o
 .text.GPIO_IntConfig
                0x00000000       0x80 ./emlib/em_gpio.o
 .text.GPIO_PinModeSet
                0x00000000       0x94 ./emlib/em_gpio.o
 .debug_info    0x00000000      0x580 ./emlib/em_gpio.o
 .debug_abbrev  0x00000000      0x1c5 ./emlib/em_gpio.o
 .debug_loc     0x00000000      0x3f8 ./emlib/em_gpio.o
 .debug_aranges
                0x00000000       0x38 ./emlib/em_gpio.o
 .debug_ranges  0x00000000       0x88 ./emlib/em_gpio.o
 .debug_line    0x00000000      0x2a1 ./emlib/em_gpio.o
 .debug_str     0x00000000      0x4cf ./emlib/em_gpio.o
 .comment       0x00000000       0x71 ./emlib/em_gpio.o
 .ARM.attributes
                0x00000000       0x33 ./emlib/em_gpio.o
 .debug_frame   0x00000000       0x70 ./emlib/em_gpio.o
 .text          0x00000000        0x0 ./emlib/em_system.o
 .data          0x00000000        0x0 ./emlib/em_system.o
 .bss           0x00000000        0x0 ./emlib/em_system.o
 .text.SYSTEM_ChipRevisionGet
                0x00000000       0x20 ./emlib/em_system.o
 .text.SYSTEM_GetCalibrationValue
                0x00000000       0x28 ./emlib/em_system.o
 .debug_info    0x00000000      0x238 ./emlib/em_system.o
 .debug_abbrev  0x00000000       0xef ./emlib/em_system.o
 .debug_loc     0x00000000       0x8e ./emlib/em_system.o
 .debug_aranges
                0x00000000       0x28 ./emlib/em_system.o
 .debug_ranges  0x00000000       0x18 ./emlib/em_system.o
 .debug_line    0x00000000      0x246 ./emlib/em_system.o
 .debug_str     0x00000000      0x237 ./emlib/em_system.o
 .comment       0x00000000       0x71 ./emlib/em_system.o
 .ARM.attributes
                0x00000000       0x33 ./emlib/em_system.o
 .debug_frame   0x00000000       0x30 ./emlib/em_system.o
 .data          0x00000000        0x0 ./CMSIS/efm32tg/startup_gcc_efm32tg.o
 .bss           0x00000000        0x0 ./CMSIS/efm32tg/startup_gcc_efm32tg.o
 .text          0x00000000        0x0 ./CMSIS/efm32tg/system_efm32tg.o
 .data          0x00000000        0x0 ./CMSIS/efm32tg/system_efm32tg.o
 .bss           0x00000000        0x0 ./CMSIS/efm32tg/system_efm32tg.o
 .text.SystemHFClockGet
                0x00000000       0xb4 ./CMSIS/efm32tg/system_efm32tg.o
 .text.SystemCoreClockGet
                0x00000000       0x20 ./CMSIS/efm32tg/system_efm32tg.o
 .text.SystemHFXOClockGet
                0x00000000        0xc ./CMSIS/efm32tg/system_efm32tg.o
 .text.SystemHFXOClockSet
                0x00000000       0x1c ./CMSIS/efm32tg/system_efm32tg.o
 .text.SystemLFRCOClockGet
                0x00000000        0x6 ./CMSIS/efm32tg/system_efm32tg.o
 .text.SystemULFRCOClockGet
                0x00000000        0x6 ./CMSIS/efm32tg/system_efm32tg.o
 .text.SystemLFXOClockGet
                0x00000000        0xc ./CMSIS/efm32tg/system_efm32tg.o
 .text.SystemLFXOClockSet
                0x00000000       0x1c ./CMSIS/efm32tg/system_efm32tg.o
 .data.SystemLFXOClock
                0x00000000        0x4 ./CMSIS/efm32tg/system_efm32tg.o
 .data.SystemHFXOClock
                0x00000000        0x4 ./CMSIS/efm32tg/system_efm32tg.o
 COMMON         0x00000000        0x4 ./CMSIS/efm32tg/system_efm32tg.o
 .text          0x00000000        0x0 c:/siliconlabs/simplicitystudio/v2/developer/toolchains/gnu_arm/4.7_2013q1/bin/../lib/gcc/arm-none-eabi/4.7.3/../../../../arm-none-eabi/lib/armv7-m\libc_s.a(lib_a-__atexit2.o)
 .data          0x00000000        0x0 c:/siliconlabs/simplicitystudio/v2/developer/toolchains/gnu_arm/4.7_2013q1/bin/../lib/gcc/arm-none-eabi/4.7.3/../../../../arm-none-eabi/lib/armv7-m\libc_s.a(lib_a-__atexit2.o)
 .bss           0x00000000        0x0 c:/siliconlabs/simplicitystudio/v2/developer/toolchains/gnu_arm/4.7_2013q1/bin/../lib/gcc/arm-none-eabi/4.7.3/../../../../arm-none-eabi/lib/armv7-m\libc_s.a(lib_a-__atexit2.o)
 .text          0x00000000        0x0 c:/siliconlabs/simplicitystudio/v2/developer/toolchains/gnu_arm/4.7_2013q1/bin/../lib/gcc/arm-none-eabi/4.7.3/../../../../arm-none-eabi/lib/armv7-m\libc_s.a(lib_a-exit.o)
 .data          0x00000000        0x0 c:/siliconlabs/simplicitystudio/v2/developer/toolchains/gnu_arm/4.7_2013q1/bin/../lib/gcc/arm-none-eabi/4.7.3/../../../../arm-none-eabi/lib/armv7-m\libc_s.a(lib_a-exit.o)
 .bss           0x00000000        0x0 c:/siliconlabs/simplicitystudio/v2/developer/toolchains/gnu_arm/4.7_2013q1/bin/../lib/gcc/arm-none-eabi/4.7.3/../../../../arm-none-eabi/lib/armv7-m\libc_s.a(lib_a-exit.o)
 .text          0x00000000        0x0 c:/siliconlabs/simplicitystudio/v2/developer/toolchains/gnu_arm/4.7_2013q1/bin/../lib/gcc/arm-none-eabi/4.7.3/../../../../arm-none-eabi/lib/armv7-m\libc_s.a(lib_a-fini.o)
 .data          0x00000000        0x0 c:/siliconlabs/simplicitystudio/v2/developer/toolchains/gnu_arm/4.7_2013q1/bin/../lib/gcc/arm-none-eabi/4.7.3/../../../../arm-none-eabi/lib/armv7-m\libc_s.a(lib_a-fini.o)
 .bss           0x00000000        0x0 c:/siliconlabs/simplicitystudio/v2/developer/toolchains/gnu_arm/4.7_2013q1/bin/../lib/gcc/arm-none-eabi/4.7.3/../../../../arm-none-eabi/lib/armv7-m\libc_s.a(lib_a-fini.o)
 .text          0x00000000        0x0 c:/siliconlabs/simplicitystudio/v2/developer/toolchains/gnu_arm/4.7_2013q1/bin/../lib/gcc/arm-none-eabi/4.7.3/../../../../arm-none-eabi/lib/armv7-m\libc_s.a(lib_a-impure.o)
 .data          0x00000000        0x0 c:/siliconlabs/simplicitystudio/v2/developer/toolchains/gnu_arm/4.7_2013q1/bin/../lib/gcc/arm-none-eabi/4.7.3/../../../../arm-none-eabi/lib/armv7-m\libc_s.a(lib_a-impure.o)
 .bss           0x00000000        0x0 c:/siliconlabs/simplicitystudio/v2/developer/toolchains/gnu_arm/4.7_2013q1/bin/../lib/gcc/arm-none-eabi/4.7.3/../../../../arm-none-eabi/lib/armv7-m\libc_s.a(lib_a-impure.o)
 .data._impure_ptr
                0x00000000        0x4 c:/siliconlabs/simplicitystudio/v2/developer/toolchains/gnu_arm/4.7_2013q1/bin/../lib/gcc/arm-none-eabi/4.7.3/../../../../arm-none-eabi/lib/armv7-m\libc_s.a(lib_a-impure.o)
 .text          0x00000000        0x0 c:/siliconlabs/simplicitystudio/v2/developer/toolchains/gnu_arm/4.7_2013q1/bin/../lib/gcc/arm-none-eabi/4.7.3/../../../../arm-none-eabi/lib/armv7-m\libc_s.a(lib_a-init.o)
 .data          0x00000000        0x0 c:/siliconlabs/simplicitystudio/v2/developer/toolchains/gnu_arm/4.7_2013q1/bin/../lib/gcc/arm-none-eabi/4.7.3/../../../../arm-none-eabi/lib/armv7-m\libc_s.a(lib_a-init.o)
 .bss           0x00000000        0x0 c:/siliconlabs/simplicitystudio/v2/developer/toolchains/gnu_arm/4.7_2013q1/bin/../lib/gcc/arm-none-eabi/4.7.3/../../../../arm-none-eabi/lib/armv7-m\libc_s.a(lib_a-init.o)
 .text          0x00000000        0x0 c:/siliconlabs/simplicitystudio/v2/developer/toolchains/gnu_arm/4.7_2013q1/bin/../lib/gcc/arm-none-eabi/4.7.3/../../../../arm-none-eabi/lib/armv7-m\libc_s.a(lib_a-memset.o)
 .data          0x00000000        0x0 c:/siliconlabs/simplicitystudio/v2/developer/toolchains/gnu_arm/4.7_2013q1/bin/../lib/gcc/arm-none-eabi/4.7.3/../../../../arm-none-eabi/lib/armv7-m\libc_s.a(lib_a-memset.o)
 .bss           0x00000000        0x0 c:/siliconlabs/simplicitystudio/v2/developer/toolchains/gnu_arm/4.7_2013q1/bin/../lib/gcc/arm-none-eabi/4.7.3/../../../../arm-none-eabi/lib/armv7-m\libc_s.a(lib_a-memset.o)
 .text          0x00000000        0x0 c:/siliconlabs/simplicitystudio/v2/developer/toolchains/gnu_arm/4.7_2013q1/bin/../lib/gcc/arm-none-eabi/4.7.3/../../../../arm-none-eabi/lib/armv7-m\libnosys.a(_exit.o)
 .data          0x00000000        0x0 c:/siliconlabs/simplicitystudio/v2/developer/toolchains/gnu_arm/4.7_2013q1/bin/../lib/gcc/arm-none-eabi/4.7.3/../../../../arm-none-eabi/lib/armv7-m\libnosys.a(_exit.o)
 .bss           0x00000000        0x0 c:/siliconlabs/simplicitystudio/v2/developer/toolchains/gnu_arm/4.7_2013q1/bin/../lib/gcc/arm-none-eabi/4.7.3/../../../../arm-none-eabi/lib/armv7-m\libnosys.a(_exit.o)
 .text          0x00000000        0x0 c:/siliconlabs/simplicitystudio/v2/developer/toolchains/gnu_arm/4.7_2013q1/bin/../lib/gcc/arm-none-eabi/4.7.3/armv7-m/crtend.o
 .data          0x00000000        0x0 c:/siliconlabs/simplicitystudio/v2/developer/toolchains/gnu_arm/4.7_2013q1/bin/../lib/gcc/arm-none-eabi/4.7.3/armv7-m/crtend.o
 .bss           0x00000000        0x0 c:/siliconlabs/simplicitystudio/v2/developer/toolchains/gnu_arm/4.7_2013q1/bin/../lib/gcc/arm-none-eabi/4.7.3/armv7-m/crtend.o
 .jcr           0x00000000        0x4 c:/siliconlabs/simplicitystudio/v2/developer/toolchains/gnu_arm/4.7_2013q1/bin/../lib/gcc/arm-none-eabi/4.7.3/armv7-m/crtend.o
 .text          0x00000000        0x0 c:/siliconlabs/simplicitystudio/v2/developer/toolchains/gnu_arm/4.7_2013q1/bin/../lib/gcc/arm-none-eabi/4.7.3/armv7-m/crtn.o
 .data          0x00000000        0x0 c:/siliconlabs/simplicitystudio/v2/developer/toolchains/gnu_arm/4.7_2013q1/bin/../lib/gcc/arm-none-eabi/4.7.3/armv7-m/crtn.o
 .bss           0x00000000        0x0 c:/siliconlabs/simplicitystudio/v2/developer/toolchains/gnu_arm/4.7_2013q1/bin/../lib/gcc/arm-none-eabi/4.7.3/armv7-m/crtn.o

Memory Configuration

Name             Origin             Length             Attributes
FLASH            0x00004000         0x00004000         xr
RAM              0x20000000         0x00001000         xrw
*default*        0x00000000         0xffffffff

Linker script and memory map

LOAD c:/siliconlabs/simplicitystudio/v2/developer/toolchains/gnu_arm/4.7_2013q1/bin/../lib/gcc/arm-none-eabi/4.7.3/armv7-m/crti.o
LOAD c:/siliconlabs/simplicitystudio/v2/developer/toolchains/gnu_arm/4.7_2013q1/bin/../lib/gcc/arm-none-eabi/4.7.3/armv7-m/crtbegin.o
LOAD c:/siliconlabs/simplicitystudio/v2/developer/toolchains/gnu_arm/4.7_2013q1/bin/../lib/gcc/arm-none-eabi/4.7.3/../../../../arm-none-eabi/lib/armv7-m/crt0.o
LOAD ./src/BMX055.o
LOAD ./src/calc.o
LOAD ./src/crc.o
LOAD ./src/debug.o
LOAD ./src/delay.o
LOAD ./src/emu.o
LOAD ./src/inits.o
LOAD ./src/irq.o
LOAD ./src/msc.o
LOAD ./src/sirka.o
LOAD ./src/spi.o
LOAD ./src/timer.o
LOAD ./src/usart.o
LOAD ./src/watchdog.o
LOAD ./emlib/em_gpio.o
LOAD ./emlib/em_system.o
LOAD ./CMSIS/efm32tg/startup_gcc_efm32tg.o
LOAD ./CMSIS/efm32tg/system_efm32tg.o
START GROUP
LOAD c:/siliconlabs/simplicitystudio/v2/developer/toolchains/gnu_arm/4.7_2013q1/bin/../lib/gcc/arm-none-eabi/4.7.3/armv7-m\libgcc.a
LOAD c:/siliconlabs/simplicitystudio/v2/developer/toolchains/gnu_arm/4.7_2013q1/bin/../lib/gcc/arm-none-eabi/4.7.3/../../../../arm-none-eabi/lib/armv7-m\libc_s.a
LOAD c:/siliconlabs/simplicitystudio/v2/developer/toolchains/gnu_arm/4.7_2013q1/bin/../lib/gcc/arm-none-eabi/4.7.3/../../../../arm-none-eabi/lib/armv7-m\libnosys.a
END GROUP
START GROUP
LOAD c:/siliconlabs/simplicitystudio/v2/developer/toolchains/gnu_arm/4.7_2013q1/bin/../lib/gcc/arm-none-eabi/4.7.3/armv7-m\libgcc.a
LOAD c:/siliconlabs/simplicitystudio/v2/developer/toolchains/gnu_arm/4.7_2013q1/bin/../lib/gcc/arm-none-eabi/4.7.3/../../../../arm-none-eabi/lib/armv7-m\libc_s.a
END GROUP
LOAD c:/siliconlabs/simplicitystudio/v2/developer/toolchains/gnu_arm/4.7_2013q1/bin/../lib/gcc/arm-none-eabi/4.7.3/armv7-m/crtend.o
LOAD c:/siliconlabs/simplicitystudio/v2/developer/toolchains/gnu_arm/4.7_2013q1/bin/../lib/gcc/arm-none-eabi/4.7.3/armv7-m/crtn.o

.text           0x00004000     0x1a44
 *(.isr_vector)
 .isr_vector    0x00004000      0x100 ./CMSIS/efm32tg/startup_gcc_efm32tg.o
                0x00004000                __isr_vector
 *(.text*)
 .text          0x00004100       0x54 c:/siliconlabs/simplicitystudio/v2/developer/toolchains/gnu_arm/4.7_2013q1/bin/../lib/gcc/arm-none-eabi/4.7.3/armv7-m/crtbegin.o
 .text          0x00004154       0x70 c:/siliconlabs/simplicitystudio/v2/developer/toolchains/gnu_arm/4.7_2013q1/bin/../lib/gcc/arm-none-eabi/4.7.3/../../../../arm-none-eabi/lib/armv7-m/crt0.o
                0x00004154                _start
                0x00004154                start
                0x00004154                _mainCRTStartup
 .text.interface_init
                0x000041c4       0x22 ./src/BMX055.o
                0x000041c4                interface_init
 .text.getGyrData
                0x000041e6       0x62 ./src/BMX055.o
                0x000041e6                getGyrData
 .text.getAccData
                0x00004248       0x62 ./src/BMX055.o
                0x00004248                getAccData
 *fill*         0x000042aa        0x2 00
 .text.getMagData_forced
                0x000042ac       0xf8 ./src/BMX055.o
                0x000042ac                getMagData_forced
 .text.setup_Mag
                0x000043a4       0xc0 ./src/BMX055.o
                0x000043a4                setup_Mag
 .text.setup_Acc
                0x00004464       0x92 ./src/BMX055.o
                0x00004464                setup_Acc
 .text.setup_Gyro
                0x000044f6       0x80 ./src/BMX055.o
                0x000044f6                setup_Gyro
 .text.setup_Gyro_Range
                0x00004576       0x26 ./src/BMX055.o
                0x00004576                setup_Gyro_Range
 .text.setup_Address
                0x0000459c       0x48 ./src/BMX055.o
                0x0000459c                setup_Address
 .text.get_resolution
                0x000045e4       0x4a ./src/BMX055.o
                0x000045e4                get_resolution
 .text.ItoA     0x0000462e       0x46 ./src/calc.o
                0x0000462e                ItoA
 .text.arithmetic_average
                0x00004674       0x8a ./src/calc.o
                0x00004674                arithmetic_average
 *fill*         0x000046fe        0x2 00
 .text.crcInit  0x00004700       0x3c ./src/crc.o
                0x00004700                crcInit
 .text.CRC16    0x0000473c       0x18 ./src/crc.o
                0x0000473c                CRC16
 .text.selftest_Acc
                0x00004754      0x260 ./src/debug.o
                0x00004754                selftest_Acc
 .text.selftest_Gyro
                0x000049b4       0x7a ./src/debug.o
                0x000049b4                selftest_Gyro
 *fill*         0x00004a2e        0x2 00
 .text.selftest_Mag
                0x00004a30       0xe0 ./src/debug.o
                0x00004a30                selftest_Mag
 .text.send_hello
                0x00004b10       0x78 ./src/debug.o
                0x00004b10                send_hello
 .text.print_byte_setup
                0x00004b88       0x40 ./src/debug.o
                0x00004b88                print_byte_setup
 .text.showDeviceID
                0x00004bc8      0x124 ./src/debug.o
                0x00004bc8                showDeviceID
 .text.print_data_dec
                0x00004cec      0x170 ./src/debug.o
                0x00004cec                print_data_dec
 .text.delayfunc
                0x00004e5c       0x14 ./src/delay.o
                0x00004e5c                delayfunc
 .text.EMU_EnterEM1
                0x00004e70       0x14 ./src/emu.o
                0x00004e70                EMU_EnterEM1
 .text.SPI_Init
                0x00004e84       0x34 ./src/inits.o
                0x00004e84                SPI_Init
 .text.USART_Init
                0x00004eb8       0x20 ./src/inits.o
                0x00004eb8                USART_Init
 .text.GPIO_Init
                0x00004ed8       0x4c ./src/inits.o
                0x00004ed8                GPIO_Init
 .text.Timer_Init
                0x00004f24       0x20 ./src/inits.o
                0x00004f24                Timer_Init
 .text.WD_Init  0x00004f44       0x14 ./src/inits.o
                0x00004f44                WD_Init
 .text.Clocks_Init
                0x00004f58       0x64 ./src/inits.o
                0x00004f58                Clocks_Init
 .text.enable_interrupts
                0x00004fbc       0x20 ./src/irq.o
                0x00004fbc                enable_interrupts
 .text.USART0_RX_IRQHandler
                0x00004fdc       0x40 ./src/irq.o
                0x00004fdc                USART0_RX_IRQHandler
 .text.TIMER0_IRQHandler
                0x0000501c       0x20 ./src/irq.o
                0x0000501c                TIMER0_IRQHandler
 .text.ErasePage
                0x0000503c       0x70 ./src/msc.o
                0x0000503c                ErasePage
 .text.LoadData
                0x000050ac       0x54 ./src/msc.o
                0x000050ac                LoadData
 .text.LoadAddress
                0x00005100       0x2c ./src/msc.o
                0x00005100                LoadAddress
 .text.WriteWord
                0x0000512c       0x64 ./src/msc.o
                0x0000512c                WriteWord
 .text.startup.main
                0x00005190      0x3e4 ./src/sirka.o
                0x00005190                main
 .text.CS_Pin_clr
                0x00005574       0x28 ./src/spi.o
                0x00005574                CS_Pin_clr
 .text.CS_Pin_set
                0x0000559c       0x28 ./src/spi.o
                0x0000559c                CS_Pin_set
 .text.SPI_WriteByte
                0x000055c4       0x18 ./src/spi.o
                0x000055c4                SPI_WriteByte
 .text.TIMER_start
                0x000055dc        0xc ./src/timer.o
                0x000055dc                TIMER_start
 .text.TIMER_stop
                0x000055e8       0x10 ./src/timer.o
                0x000055e8                TIMER_stop
 .text.TIMER_intclear
                0x000055f8        0xc ./src/timer.o
                0x000055f8                TIMER_intclear
 .text.print_byte
                0x00005604       0x18 ./src/usart.o
                0x00005604                print_byte
 .text.send_data
                0x0000561c       0xd8 ./src/usart.o
                0x0000561c                send_data
 .text.send_data_all
                0x000056f4       0xec ./src/usart.o
                0x000056f4                send_data_all
 .text.send_resolution
                0x000057e0       0x78 ./src/usart.o
                0x000057e0                send_resolution
 .text.WDOG_Enable
                0x00005858       0x18 ./src/watchdog.o
                0x00005858                WDOG_Enable
 .text          0x00005870       0x78 ./CMSIS/efm32tg/startup_gcc_efm32tg.o
                0x00005870                Reset_Handler
                0x000058a4                Default_Handler
                0x000058a6                NMI_Handler
                0x000058a8                HardFault_Handler
                0x000058aa                MemManage_Handler
                0x000058ac                BusFault_Handler
                0x000058ae                UsageFault_Handler
                0x000058b0                SVC_Handler
                0x000058b2                DebugMon_Handler
                0x000058b4                PendSV_Handler
                0x000058b6                SysTick_Handler
                0x000058b8                DMA_IRQHandler
                0x000058ba                GPIO_EVEN_IRQHandler
                0x000058c0                USART0_TX_IRQHandler
                0x000058c2                ACMP0_IRQHandler
                0x000058c4                ADC0_IRQHandler
                0x000058c6                DAC0_IRQHandler
                0x000058c8                I2C0_IRQHandler
                0x000058ca                GPIO_ODD_IRQHandler
                0x000058cc                TIMER1_IRQHandler
                0x000058ce                USART1_RX_IRQHandler
                0x000058d0                USART1_TX_IRQHandler
                0x000058d2                LESENSE_IRQHandler
                0x000058d4                LEUART0_IRQHandler
                0x000058d6                LETIMER0_IRQHandler
                0x000058d8                PCNT0_IRQHandler
                0x000058da                RTC_IRQHandler
                0x000058dc                CMU_IRQHandler
                0x000058de                VCMP_IRQHandler
                0x000058e0                LCD_IRQHandler
                0x000058e2                MSC_IRQHandler
                0x000058e4                AES_IRQHandler
 .text.SystemInit
                0x000058e8        0x2 ./CMSIS/efm32tg/system_efm32tg.o
                0x000058e8                SystemInit
 *fill*         0x000058ea        0x2 00
 .text.__register_exitproc
                0x000058ec       0x14 c:/siliconlabs/simplicitystudio/v2/developer/toolchains/gnu_arm/4.7_2013q1/bin/../lib/gcc/arm-none-eabi/4.7.3/../../../../arm-none-eabi/lib/armv7-m\libc_s.a(lib_a-__atexit2.o)
                0x000058ec                __register_exitproc
 .text.exit     0x00005900       0x2c c:/siliconlabs/simplicitystudio/v2/developer/toolchains/gnu_arm/4.7_2013q1/bin/../lib/gcc/arm-none-eabi/4.7.3/../../../../arm-none-eabi/lib/armv7-m\libc_s.a(lib_a-exit.o)
                0x00005900                exit
 .text.__libc_fini_array
                0x0000592c       0x2c c:/siliconlabs/simplicitystudio/v2/developer/toolchains/gnu_arm/4.7_2013q1/bin/../lib/gcc/arm-none-eabi/4.7.3/../../../../arm-none-eabi/lib/armv7-m\libc_s.a(lib_a-fini.o)
                0x0000592c                __libc_fini_array
 .text.__libc_init_array
                0x00005958       0x4c c:/siliconlabs/simplicitystudio/v2/developer/toolchains/gnu_arm/4.7_2013q1/bin/../lib/gcc/arm-none-eabi/4.7.3/../../../../arm-none-eabi/lib/armv7-m\libc_s.a(lib_a-init.o)
                0x00005958                __libc_init_array
 .text.memset   0x000059a4       0x10 c:/siliconlabs/simplicitystudio/v2/developer/toolchains/gnu_arm/4.7_2013q1/bin/../lib/gcc/arm-none-eabi/4.7.3/../../../../arm-none-eabi/lib/armv7-m\libc_s.a(lib_a-memset.o)
                0x000059a4                memset
 .text._exit    0x000059b4        0x4 c:/siliconlabs/simplicitystudio/v2/developer/toolchains/gnu_arm/4.7_2013q1/bin/../lib/gcc/arm-none-eabi/4.7.3/../../../../arm-none-eabi/lib/armv7-m\libnosys.a(_exit.o)
                0x000059b4                _exit
 *(.init)
 .init          0x000059b8        0x4 c:/siliconlabs/simplicitystudio/v2/developer/toolchains/gnu_arm/4.7_2013q1/bin/../lib/gcc/arm-none-eabi/4.7.3/armv7-m/crti.o
                0x000059b8                _init
 .init          0x000059bc        0x8 c:/siliconlabs/simplicitystudio/v2/developer/toolchains/gnu_arm/4.7_2013q1/bin/../lib/gcc/arm-none-eabi/4.7.3/armv7-m/crtn.o
 *(.fini)
 .fini          0x000059c4        0x4 c:/siliconlabs/simplicitystudio/v2/developer/toolchains/gnu_arm/4.7_2013q1/bin/../lib/gcc/arm-none-eabi/4.7.3/armv7-m/crti.o
                0x000059c4                _fini
 .fini          0x000059c8        0x8 c:/siliconlabs/simplicitystudio/v2/developer/toolchains/gnu_arm/4.7_2013q1/bin/../lib/gcc/arm-none-eabi/4.7.3/armv7-m/crtn.o
 *crtbegin.o(.ctors)
 *crtbegin?.o(.ctors)
 *(EXCLUDE_FILE(*crtend.o *crtend?.o) .ctors)
 *(SORT(.ctors.*))
 *(.ctors)
 *crtbegin.o(.dtors)
 *crtbegin?.o(.dtors)
 *(EXCLUDE_FILE(*crtend.o *crtend?.o) .dtors)
 *(SORT(.dtors.*))
 *(.dtors)
 *(.rodata*)
 .rodata.str1.1
                0x000059d0       0x67 ./src/debug.o
 .rodata.str1.1
                0x00005a37        0x2 c:/siliconlabs/simplicitystudio/v2/developer/toolchains/gnu_arm/4.7_2013q1/bin/../lib/gcc/arm-none-eabi/4.7.3/../../../../arm-none-eabi/lib/armv7-m\libc_s.a(lib_a-impure.o)
 *fill*         0x00005a39        0x3 00
 .rodata._global_impure_ptr
                0x00005a3c        0x4 c:/siliconlabs/simplicitystudio/v2/developer/toolchains/gnu_arm/4.7_2013q1/bin/../lib/gcc/arm-none-eabi/4.7.3/../../../../arm-none-eabi/lib/armv7-m\libc_s.a(lib_a-impure.o)
                0x00005a3c                _global_impure_ptr
 *(.eh_frame*)
 .eh_frame      0x00005a40        0x0 c:/siliconlabs/simplicitystudio/v2/developer/toolchains/gnu_arm/4.7_2013q1/bin/../lib/gcc/arm-none-eabi/4.7.3/armv7-m/crtbegin.o
 .eh_frame      0x00005a40        0x4 c:/siliconlabs/simplicitystudio/v2/developer/toolchains/gnu_arm/4.7_2013q1/bin/../lib/gcc/arm-none-eabi/4.7.3/armv7-m/crtend.o

.glue_7         0x00005a44        0x0
 .glue_7        0x00000000        0x0 linker stubs

.glue_7t        0x00005a44        0x0
 .glue_7t       0x00000000        0x0 linker stubs

.vfp11_veneer   0x00005a44        0x0
 .vfp11_veneer  0x00000000        0x0 linker stubs

.v4_bx          0x00005a44        0x0
 .v4_bx         0x00000000        0x0 linker stubs

.iplt           0x00005a44        0x0
 .iplt          0x00000000        0x0 c:/siliconlabs/simplicitystudio/v2/developer/toolchains/gnu_arm/4.7_2013q1/bin/../lib/gcc/arm-none-eabi/4.7.3/armv7-m/crtbegin.o

.ARM.extab
 *(.ARM.extab* .gnu.linkonce.armextab.*)
                0x00005a44                __exidx_start = .

.ARM.exidx      0x00005a44        0x8
 *(.ARM.exidx* .gnu.linkonce.armexidx.*)
 .ARM.exidx     0x00005a44        0x8 c:/siliconlabs/simplicitystudio/v2/developer/toolchains/gnu_arm/4.7_2013q1/bin/../lib/gcc/arm-none-eabi/4.7.3/../../../../arm-none-eabi/lib/armv7-m/crt0.o
                0x00005a4c                __exidx_end = .
                0x00005a4c                __etext = .

.rel.dyn        0x00005a4c        0x0
 .rel.iplt      0x00000000        0x0 c:/siliconlabs/simplicitystudio/v2/developer/toolchains/gnu_arm/4.7_2013q1/bin/../lib/gcc/arm-none-eabi/4.7.3/armv7-m/crtbegin.o

.data           0x20000000      0x294 load address 0x00005a4c
                0x20000000                __data_start__ = .
 *(vtable)
 *(.data*)
 .data.Z        0x20000000        0x1 ./src/BMX055.o
                0x20000000                Z
 .data.XY       0x20000001        0x1 ./src/BMX055.o
                0x20000001                XY
 .data.CRC16_Table
                0x20000002      0x200 ./src/crc.o
                0x20000002                CRC16_Table
 .data.print_byte_array
                0x20000202        0x4 ./src/debug.o
                0x20000202                print_byte_array
 *fill*         0x20000206        0x2 00
 .data.gyro_res
                0x20000208        0x4 ./src/sirka.o
                0x20000208                gyro_res
 .data.file_size
                0x2000020c        0x4 ./src/sirka.o
                0x2000020c                file_size
 .data.fw_check
                0x20000210        0x4 ./src/sirka.o
                0x20000210                fw_check
 .data.flash_save
                0x20000214        0x4 ./src/sirka.o
                0x20000214                flash_save
 .data.mag_res  0x20000218        0x4 ./src/sirka.o
                0x20000218                mag_res
 .data.acc_res  0x2000021c        0x4 ./src/sirka.o
                0x2000021c                acc_res
 .data.crc_pack
                0x20000220        0x4 ./src/sirka.o
                0x20000220                crc_pack
 .data.address  0x20000224        0x4 ./src/sirka.o
                0x20000224                address
 .data.impure_data
                0x20000228       0x64 c:/siliconlabs/simplicitystudio/v2/developer/toolchains/gnu_arm/4.7_2013q1/bin/../lib/gcc/arm-none-eabi/4.7.3/../../../../arm-none-eabi/lib/armv7-m\libc_s.a(lib_a-impure.o)
                0x2000028c                . = ALIGN (0x4)
 *(.ram)
                0x2000028c                . = ALIGN (0x4)
                0x2000028c                PROVIDE (__preinit_array_start, .)
 *(.preinit_array)
                0x2000028c                PROVIDE (__preinit_array_end, .)
                0x2000028c                . = ALIGN (0x4)
                0x2000028c                PROVIDE (__init_array_start, .)
 *(SORT(.init_array.*))
 *(.init_array)
 .init_array    0x2000028c        0x4 c:/siliconlabs/simplicitystudio/v2/developer/toolchains/gnu_arm/4.7_2013q1/bin/../lib/gcc/arm-none-eabi/4.7.3/armv7-m/crtbegin.o
                0x20000290                PROVIDE (__init_array_end, .)
                0x20000290                . = ALIGN (0x4)
                0x20000290                PROVIDE (__fini_array_start, .)
 *(SORT(.fini_array.*))
 *(.fini_array)
 .fini_array    0x20000290        0x4 c:/siliconlabs/simplicitystudio/v2/developer/toolchains/gnu_arm/4.7_2013q1/bin/../lib/gcc/arm-none-eabi/4.7.3/armv7-m/crtbegin.o
                0x20000294                PROVIDE (__fini_array_end, .)
                0x20000294                . = ALIGN (0x4)
                0x20000294                __data_end__ = .

.jcr            0x20000294        0x0 load address 0x00005ce0
 .jcr           0x20000294        0x0 c:/siliconlabs/simplicitystudio/v2/developer/toolchains/gnu_arm/4.7_2013q1/bin/../lib/gcc/arm-none-eabi/4.7.3/armv7-m/crtbegin.o

.igot.plt       0x20000294        0x0 load address 0x00005ce0
 .igot.plt      0x00000000        0x0 c:/siliconlabs/simplicitystudio/v2/developer/toolchains/gnu_arm/4.7_2013q1/bin/../lib/gcc/arm-none-eabi/4.7.3/armv7-m/crtbegin.o

.bss            0x20000294      0x264 load address 0x00005ce0
                0x20000294                __bss_start__ = .
 *(.bss*)
 .bss           0x20000294       0x1c c:/siliconlabs/simplicitystudio/v2/developer/toolchains/gnu_arm/4.7_2013q1/bin/../lib/gcc/arm-none-eabi/4.7.3/armv7-m/crtbegin.o
 .bss.settings_acc
                0x200002b0        0x1 ./src/sirka.o
                0x200002b0                settings_acc
 *fill*         0x200002b1        0x1 00
 .bss.gyrodata  0x200002b2        0x6 ./src/sirka.o
                0x200002b2                gyrodata
 .bss.magdata   0x200002b8        0x8 ./src/sirka.o
                0x200002b8                magdata
 .bss.accdata   0x200002c0        0x6 ./src/sirka.o
                0x200002c0                accdata
 .bss.received_frame
                0x200002c6       0x1e ./src/sirka.o
                0x200002c6                received_frame
 .bss.resolution
                0x200002e4        0x2 ./src/sirka.o
                0x200002e4                resolution
 .bss.frame_position
                0x200002e6        0x2 ./src/sirka.o
                0x200002e6                frame_position
 *(COMMON)
 COMMON         0x200002e8      0x200 ./src/crc.o
                0x200002e8                crcTable
 COMMON         0x200004e8       0x10 ./src/sirka.o
                0x200004e8                config
                0x200004f8                __bss_end__ = .

.heap           0x200004f8        0x0
                0x200004f8                __end__ = .
                0x200004f8                end = __end__
                0x200004f8                _end = __end__
 *(.heap*)
 .heap          0x200004f8        0x0 ./CMSIS/efm32tg/startup_gcc_efm32tg.o
                0x200004f8                __HeapLimit = .

.stack_dummy    0x200004f8      0x400
 *(.stack)
 .stack         0x200004f8      0x400 ./CMSIS/efm32tg/startup_gcc_efm32tg.o
                0x20001000                __StackTop = (ORIGIN (RAM) + 0x1000)
                0x20000c00                __StackLimit = (__StackTop - SIZEOF (.stack_dummy))
                0x20001000                PROVIDE (__stack, __StackTop)
                0x00000001                ASSERT ((__StackLimit >= __HeapLimit), region RAM overflowed with stack)
OUTPUT(SIRKA_EFM32TG110_DRA.axf elf32-littlearm)

.ARM.attributes
                0x00000000       0x29
 .ARM.attributes
                0x00000000       0x1d c:/siliconlabs/simplicitystudio/v2/developer/toolchains/gnu_arm/4.7_2013q1/bin/../lib/gcc/arm-none-eabi/4.7.3/armv7-m/crti.o
 .ARM.attributes
                0x0000001d       0x2d c:/siliconlabs/simplicitystudio/v2/developer/toolchains/gnu_arm/4.7_2013q1/bin/../lib/gcc/arm-none-eabi/4.7.3/armv7-m/crtbegin.o
 .ARM.attributes
                0x0000004a       0x1b c:/siliconlabs/simplicitystudio/v2/developer/toolchains/gnu_arm/4.7_2013q1/bin/../lib/gcc/arm-none-eabi/4.7.3/../../../../arm-none-eabi/lib/armv7-m/crt0.o
 .ARM.attributes
                0x00000065       0x33 ./src/BMX055.o
 .ARM.attributes
                0x00000098       0x33 ./src/calc.o
 .ARM.attributes
                0x000000cb       0x33 ./src/crc.o
 .ARM.attributes
                0x000000fe       0x33 ./src/debug.o
 .ARM.attributes
                0x00000131       0x33 ./src/delay.o
 .ARM.attributes
                0x00000164       0x33 ./src/emu.o
 .ARM.attributes
                0x00000197       0x33 ./src/inits.o
 .ARM.attributes
                0x000001ca       0x33 ./src/irq.o
 .ARM.attributes
                0x000001fd       0x33 ./src/msc.o
 .ARM.attributes
                0x00000230       0x33 ./src/sirka.o
 .ARM.attributes
                0x00000263       0x33 ./src/spi.o
 .ARM.attributes
                0x00000296       0x33 ./src/timer.o
 .ARM.attributes
                0x000002c9       0x33 ./src/usart.o
 .ARM.attributes
                0x000002fc       0x33 ./src/watchdog.o
 .ARM.attributes
                0x0000032f       0x1b ./CMSIS/efm32tg/startup_gcc_efm32tg.o
 .ARM.attributes
                0x0000034a       0x33 ./CMSIS/efm32tg/system_efm32tg.o
 .ARM.attributes
                0x0000037d       0x2d c:/siliconlabs/simplicitystudio/v2/developer/toolchains/gnu_arm/4.7_2013q1/bin/../lib/gcc/arm-none-eabi/4.7.3/../../../../arm-none-eabi/lib/armv7-m\libc_s.a(lib_a-__atexit2.o)
 .ARM.attributes
                0x000003aa       0x2d c:/siliconlabs/simplicitystudio/v2/developer/toolchains/gnu_arm/4.7_2013q1/bin/../lib/gcc/arm-none-eabi/4.7.3/../../../../arm-none-eabi/lib/armv7-m\libc_s.a(lib_a-exit.o)
 .ARM.attributes
                0x000003d7       0x2d c:/siliconlabs/simplicitystudio/v2/developer/toolchains/gnu_arm/4.7_2013q1/bin/../lib/gcc/arm-none-eabi/4.7.3/../../../../arm-none-eabi/lib/armv7-m\libc_s.a(lib_a-fini.o)
 .ARM.attributes
                0x00000404       0x2d c:/siliconlabs/simplicitystudio/v2/developer/toolchains/gnu_arm/4.7_2013q1/bin/../lib/gcc/arm-none-eabi/4.7.3/../../../../arm-none-eabi/lib/armv7-m\libc_s.a(lib_a-impure.o)
 .ARM.attributes
                0x00000431       0x2d c:/siliconlabs/simplicitystudio/v2/developer/toolchains/gnu_arm/4.7_2013q1/bin/../lib/gcc/arm-none-eabi/4.7.3/../../../../arm-none-eabi/lib/armv7-m\libc_s.a(lib_a-init.o)
 .ARM.attributes
                0x0000045e       0x2d c:/siliconlabs/simplicitystudio/v2/developer/toolchains/gnu_arm/4.7_2013q1/bin/../lib/gcc/arm-none-eabi/4.7.3/../../../../arm-none-eabi/lib/armv7-m\libc_s.a(lib_a-memset.o)
 .ARM.attributes
                0x0000048b       0x2d c:/siliconlabs/simplicitystudio/v2/developer/toolchains/gnu_arm/4.7_2013q1/bin/../lib/gcc/arm-none-eabi/4.7.3/../../../../arm-none-eabi/lib/armv7-m\libnosys.a(_exit.o)
 .ARM.attributes
                0x000004b8       0x2d c:/siliconlabs/simplicitystudio/v2/developer/toolchains/gnu_arm/4.7_2013q1/bin/../lib/gcc/arm-none-eabi/4.7.3/armv7-m/crtend.o
 .ARM.attributes
                0x000004e5       0x1d c:/siliconlabs/simplicitystudio/v2/developer/toolchains/gnu_arm/4.7_2013q1/bin/../lib/gcc/arm-none-eabi/4.7.3/armv7-m/crtn.o

.comment        0x00000000       0x70
 .comment       0x00000000       0x70 ./src/BMX055.o
                                 0x71 (size before relaxing)
 .comment       0x00000000       0x71 ./src/calc.o
 .comment       0x00000000       0x71 ./src/crc.o
 .comment       0x00000000       0x71 ./src/debug.o
 .comment       0x00000000       0x71 ./src/delay.o
 .comment       0x00000000       0x71 ./src/emu.o
 .comment       0x00000000       0x71 ./src/inits.o
 .comment       0x00000000       0x71 ./src/irq.o
 .comment       0x00000000       0x71 ./src/msc.o
 .comment       0x00000000       0x71 ./src/sirka.o
 .comment       0x00000000       0x71 ./src/spi.o
 .comment       0x00000000       0x71 ./src/timer.o
 .comment       0x00000000       0x71 ./src/usart.o
 .comment       0x00000000       0x71 ./src/watchdog.o
 .comment       0x00000000       0x71 ./CMSIS/efm32tg/system_efm32tg.o

.debug_info     0x00000000     0x61bf
 .debug_info    0x00000000      0xd3f ./src/BMX055.o
 .debug_info    0x00000d3f      0x1de ./src/calc.o
 .debug_info    0x00000f1d      0x14e ./src/crc.o
 .debug_info    0x0000106b     0x181c ./src/debug.o
 .debug_info    0x00002887      0x250 ./src/delay.o
 .debug_info    0x00002ad7      0x29d ./src/emu.o
 .debug_info    0x00002d74      0xc0e ./src/inits.o
 .debug_info    0x00003982      0x570 ./src/irq.o
 .debug_info    0x00003ef2      0x397 ./src/msc.o
 .debug_info    0x00004289      0x830 ./src/sirka.o
 .debug_info    0x00004ab9      0x5ca ./src/spi.o
 .debug_info    0x00005083      0x21d ./src/timer.o
 .debug_info    0x000052a0      0x745 ./src/usart.o
 .debug_info    0x000059e5      0x1a4 ./src/watchdog.o
 .debug_info    0x00005b89       0xa9 ./CMSIS/efm32tg/startup_gcc_efm32tg.o
 .debug_info    0x00005c32      0x58d ./CMSIS/efm32tg/system_efm32tg.o

.debug_abbrev   0x00000000     0x1417
 .debug_abbrev  0x00000000      0x1cf ./src/BMX055.o
 .debug_abbrev  0x000001cf       0xd7 ./src/calc.o
 .debug_abbrev  0x000002a6       0xd7 ./src/crc.o
 .debug_abbrev  0x0000037d      0x22f ./src/debug.o
 .debug_abbrev  0x000005ac       0xbc ./src/delay.o
 .debug_abbrev  0x00000668       0xda ./src/emu.o
 .debug_abbrev  0x00000742      0x18f ./src/inits.o
 .debug_abbrev  0x000008d1      0x1b4 ./src/irq.o
 .debug_abbrev  0x00000a85      0x157 ./src/msc.o
 .debug_abbrev  0x00000bdc      0x16e ./src/sirka.o
 .debug_abbrev  0x00000d4a      0x151 ./src/spi.o
 .debug_abbrev  0x00000e9b       0xad ./src/timer.o
 .debug_abbrev  0x00000f48      0x196 ./src/usart.o
 .debug_abbrev  0x000010de      0x141 ./src/watchdog.o
 .debug_abbrev  0x0000121f       0x14 ./CMSIS/efm32tg/startup_gcc_efm32tg.o
 .debug_abbrev  0x00001233      0x1e4 ./CMSIS/efm32tg/system_efm32tg.o

.debug_loc      0x00000000     0x1718
 .debug_loc     0x00000000      0x493 ./src/BMX055.o
 .debug_loc     0x00000493      0x1ce ./src/calc.o
 .debug_loc     0x00000661       0xa2 ./src/crc.o
 .debug_loc     0x00000703      0x719 ./src/debug.o
 .debug_loc     0x00000e1c       0x40 ./src/irq.o
 .debug_loc     0x00000e5c      0x284 ./src/msc.o
 .debug_loc     0x000010e0       0x93 ./src/sirka.o
 .debug_loc     0x00001173      0x169 ./src/spi.o
 .debug_loc     0x000012dc      0x354 ./src/usart.o
 .debug_loc     0x00001630       0xe8 ./CMSIS/efm32tg/system_efm32tg.o

.debug_aranges  0x00000000      0x368
 .debug_aranges
                0x00000000       0x68 ./src/BMX055.o
 .debug_aranges
                0x00000068       0x28 ./src/calc.o
 .debug_aranges
                0x00000090       0x28 ./src/crc.o
 .debug_aranges
                0x000000b8       0x60 ./src/debug.o
 .debug_aranges
                0x00000118       0x20 ./src/delay.o
 .debug_aranges
                0x00000138       0x20 ./src/emu.o
 .debug_aranges
                0x00000158       0x48 ./src/inits.o
 .debug_aranges
                0x000001a0       0x30 ./src/irq.o
 .debug_aranges
                0x000001d0       0x38 ./src/msc.o
 .debug_aranges
                0x00000208       0x20 ./src/sirka.o
 .debug_aranges
                0x00000228       0x30 ./src/spi.o
 .debug_aranges
                0x00000258       0x30 ./src/timer.o
 .debug_aranges
                0x00000288       0x38 ./src/usart.o
 .debug_aranges
                0x000002c0       0x28 ./src/watchdog.o
 .debug_aranges
                0x000002e8       0x20 ./CMSIS/efm32tg/startup_gcc_efm32tg.o
 .debug_aranges
                0x00000308       0x60 ./CMSIS/efm32tg/system_efm32tg.o

.debug_ranges   0x00000000      0x370
 .debug_ranges  0x00000000       0x58 ./src/BMX055.o
 .debug_ranges  0x00000058       0x18 ./src/calc.o
 .debug_ranges  0x00000070       0x18 ./src/crc.o
 .debug_ranges  0x00000088       0x50 ./src/debug.o
 .debug_ranges  0x000000d8       0x10 ./src/delay.o
 .debug_ranges  0x000000e8       0x10 ./src/emu.o
 .debug_ranges  0x000000f8       0x38 ./src/inits.o
 .debug_ranges  0x00000130       0x50 ./src/irq.o
 .debug_ranges  0x00000180       0x28 ./src/msc.o
 .debug_ranges  0x000001a8       0x10 ./src/sirka.o
 .debug_ranges  0x000001b8       0x20 ./src/spi.o
 .debug_ranges  0x000001d8       0x20 ./src/timer.o
 .debug_ranges  0x000001f8       0xe0 ./src/usart.o
 .debug_ranges  0x000002d8       0x18 ./src/watchdog.o
 .debug_ranges  0x000002f0       0x80 ./CMSIS/efm32tg/system_efm32tg.o

.debug_line     0x00000000     0x2418
 .debug_line    0x00000000      0x317 ./src/BMX055.o
 .debug_line    0x00000317      0x1de ./src/calc.o
 .debug_line    0x000004f5       0xff ./src/crc.o
 .debug_line    0x000005f4      0x575 ./src/debug.o
 .debug_line    0x00000b69      0x138 ./src/delay.o
 .debug_line    0x00000ca1      0x148 ./src/emu.o
 .debug_line    0x00000de9      0x2b4 ./src/inits.o
 .debug_line    0x0000109d      0x207 ./src/irq.o
 .debug_line    0x000012a4      0x260 ./src/msc.o
 .debug_line    0x00001504      0x2d3 ./src/sirka.o
 .debug_line    0x000017d7      0x27c ./src/spi.o
 .debug_line    0x00001a53      0x1dc ./src/timer.o
 .debug_line    0x00001c2f      0x2fa ./src/usart.o
 .debug_line    0x00001f29      0x1be ./src/watchdog.o
 .debug_line    0x000020e7       0x8f ./CMSIS/efm32tg/startup_gcc_efm32tg.o
 .debug_line    0x00002176      0x2a2 ./CMSIS/efm32tg/system_efm32tg.o

.debug_str      0x00000000      0xeb0
 .debug_str     0x00000000      0x29a ./src/BMX055.o
                                0x2ea (size before relaxing)
 .debug_str     0x0000029a       0x3d ./src/calc.o
                                0x1ce (size before relaxing)
 .debug_str     0x000002d7       0x43 ./src/crc.o
                                0x189 (size before relaxing)
 .debug_str     0x0000031a      0x1ef ./src/debug.o
                                0x3cf (size before relaxing)
 .debug_str     0x00000509       0xbd ./src/delay.o
                                0x224 (size before relaxing)
 .debug_str     0x000005c6       0x74 ./src/emu.o
                                0x1d4 (size before relaxing)
 .debug_str     0x0000063a      0x3b2 ./src/inits.o
                                0x6b5 (size before relaxing)
 .debug_str     0x000009ec       0x9f ./src/irq.o
                                0x4ab (size before relaxing)
 .debug_str     0x00000a8b       0xd8 ./src/msc.o
                                0x27d (size before relaxing)
 .debug_str     0x00000b63       0xe4 ./src/sirka.o
                                0x3cd (size before relaxing)
 .debug_str     0x00000c47       0x87 ./src/spi.o
                                0x350 (size before relaxing)
 .debug_str     0x00000cce        0xf ./src/timer.o
                                0x1cd (size before relaxing)
 .debug_str     0x00000cdd        0xf ./src/usart.o
                                0x317 (size before relaxing)
 .debug_str     0x00000cec       0x3b ./src/watchdog.o
                                0x1b6 (size before relaxing)
 .debug_str     0x00000d27      0x189 ./CMSIS/efm32tg/system_efm32tg.o
                                0x407 (size before relaxing)

.debug_frame    0x00000000      0x70c
 .debug_frame   0x00000000      0x128 ./src/BMX055.o
 .debug_frame   0x00000128       0x50 ./src/calc.o
 .debug_frame   0x00000178       0x30 ./src/crc.o
 .debug_frame   0x000001a8      0x110 ./src/debug.o
 .debug_frame   0x000002b8       0x20 ./src/delay.o
 .debug_frame   0x000002d8       0x20 ./src/emu.o
 .debug_frame   0x000002f8       0x70 ./src/inits.o
 .debug_frame   0x00000368       0x50 ./src/irq.o
 .debug_frame   0x000003b8       0x6c ./src/msc.o
 .debug_frame   0x00000424       0x34 ./src/sirka.o
 .debug_frame   0x00000458       0x40 ./src/spi.o
 .debug_frame   0x00000498       0x40 ./src/timer.o
 .debug_frame   0x000004d8       0x74 ./src/usart.o
 .debug_frame   0x0000054c       0x30 ./src/watchdog.o
 .debug_frame   0x0000057c       0xa8 ./CMSIS/efm32tg/system_efm32tg.o
 .debug_frame   0x00000624       0x28 c:/siliconlabs/simplicitystudio/v2/developer/toolchains/gnu_arm/4.7_2013q1/bin/../lib/gcc/arm-none-eabi/4.7.3/../../../../arm-none-eabi/lib/armv7-m\libc_s.a(lib_a-__atexit2.o)
 .debug_frame   0x0000064c       0x28 c:/siliconlabs/simplicitystudio/v2/developer/toolchains/gnu_arm/4.7_2013q1/bin/../lib/gcc/arm-none-eabi/4.7.3/../../../../arm-none-eabi/lib/armv7-m\libc_s.a(lib_a-exit.o)
 .debug_frame   0x00000674       0x2c c:/siliconlabs/simplicitystudio/v2/developer/toolchains/gnu_arm/4.7_2013q1/bin/../lib/gcc/arm-none-eabi/4.7.3/../../../../arm-none-eabi/lib/armv7-m\libc_s.a(lib_a-fini.o)
 .debug_frame   0x000006a0       0x2c c:/siliconlabs/simplicitystudio/v2/developer/toolchains/gnu_arm/4.7_2013q1/bin/../lib/gcc/arm-none-eabi/4.7.3/../../../../arm-none-eabi/lib/armv7-m\libc_s.a(lib_a-init.o)
 .debug_frame   0x000006cc       0x20 c:/siliconlabs/simplicitystudio/v2/developer/toolchains/gnu_arm/4.7_2013q1/bin/../lib/gcc/arm-none-eabi/4.7.3/../../../../arm-none-eabi/lib/armv7-m\libc_s.a(lib_a-memset.o)
 .debug_frame   0x000006ec       0x20 c:/siliconlabs/simplicitystudio/v2/developer/toolchains/gnu_arm/4.7_2013q1/bin/../lib/gcc/arm-none-eabi/4.7.3/../../../../arm-none-eabi/lib/armv7-m\libnosys.a(_exit.o)
